Archive member included because of file (symbol)

f:/quartus/nios2eds/bin/gnu/h-i686-mingw32/bin/../lib/gcc/nios2-elf/4.1.2/../../../../nios2-elf/lib\libc.a(lib_a-printf.o)
                              obj/default/classifier_core.o (printf)
f:/quartus/nios2eds/bin/gnu/h-i686-mingw32/bin/../lib/gcc/nios2-elf/4.1.2/../../../../nios2-elf/lib\libc.a(lib_a-puts.o)
                              obj/default/classifier_core.o (puts)
f:/quartus/nios2eds/bin/gnu/h-i686-mingw32/bin/../lib/gcc/nios2-elf/4.1.2/../../../../nios2-elf/lib\libc.a(lib_a-strlen.o)
                              f:/quartus/nios2eds/bin/gnu/h-i686-mingw32/bin/../lib/gcc/nios2-elf/4.1.2/../../../../nios2-elf/lib\libc.a(lib_a-puts.o) (strlen)
f:/quartus/nios2eds/bin/gnu/h-i686-mingw32/bin/../lib/gcc/nios2-elf/4.1.2/../../../../nios2-elf/lib\libc.a(lib_a-vfprintf.o)
                              f:/quartus/nios2eds/bin/gnu/h-i686-mingw32/bin/../lib/gcc/nios2-elf/4.1.2/../../../../nios2-elf/lib\libc.a(lib_a-printf.o) (___vfprintf_internal_r)
f:/quartus/nios2eds/bin/gnu/h-i686-mingw32/bin/../lib/gcc/nios2-elf/4.1.2/../../../../nios2-elf/lib\libc.a(lib_a-wsetup.o)
                              f:/quartus/nios2eds/bin/gnu/h-i686-mingw32/bin/../lib/gcc/nios2-elf/4.1.2/../../../../nios2-elf/lib\libc.a(lib_a-vfprintf.o) (__swsetup_r)
f:/quartus/nios2eds/bin/gnu/h-i686-mingw32/bin/../lib/gcc/nios2-elf/4.1.2/../../../../nios2-elf/lib\libc.a(lib_a-dtoa.o)
                              f:/quartus/nios2eds/bin/gnu/h-i686-mingw32/bin/../lib/gcc/nios2-elf/4.1.2/../../../../nios2-elf/lib\libc.a(lib_a-vfprintf.o) (_dtoa_r)
f:/quartus/nios2eds/bin/gnu/h-i686-mingw32/bin/../lib/gcc/nios2-elf/4.1.2/../../../../nios2-elf/lib\libc.a(lib_a-fflush.o)
                              f:/quartus/nios2eds/bin/gnu/h-i686-mingw32/bin/../lib/gcc/nios2-elf/4.1.2/../../../../nios2-elf/lib\libc.a(lib_a-vfprintf.o) (_fflush_r)
f:/quartus/nios2eds/bin/gnu/h-i686-mingw32/bin/../lib/gcc/nios2-elf/4.1.2/../../../../nios2-elf/lib\libc.a(lib_a-findfp.o)
                              f:/quartus/nios2eds/bin/gnu/h-i686-mingw32/bin/../lib/gcc/nios2-elf/4.1.2/../../../../nios2-elf/lib\libc.a(lib_a-vfprintf.o) (__sinit)
f:/quartus/nios2eds/bin/gnu/h-i686-mingw32/bin/../lib/gcc/nios2-elf/4.1.2/../../../../nios2-elf/lib\libc.a(lib_a-freer.o)
                              f:/quartus/nios2eds/bin/gnu/h-i686-mingw32/bin/../lib/gcc/nios2-elf/4.1.2/../../../../nios2-elf/lib\libc.a(lib_a-wsetup.o) (_free_r)
f:/quartus/nios2eds/bin/gnu/h-i686-mingw32/bin/../lib/gcc/nios2-elf/4.1.2/../../../../nios2-elf/lib\libc.a(lib_a-fvwrite.o)
                              f:/quartus/nios2eds/bin/gnu/h-i686-mingw32/bin/../lib/gcc/nios2-elf/4.1.2/../../../../nios2-elf/lib\libc.a(lib_a-puts.o) (__sfvwrite_r)
f:/quartus/nios2eds/bin/gnu/h-i686-mingw32/bin/../lib/gcc/nios2-elf/4.1.2/../../../../nios2-elf/lib\libc.a(lib_a-fwalk.o)
                              f:/quartus/nios2eds/bin/gnu/h-i686-mingw32/bin/../lib/gcc/nios2-elf/4.1.2/../../../../nios2-elf/lib\libc.a(lib_a-fflush.o) (_fwalk_reent)
f:/quartus/nios2eds/bin/gnu/h-i686-mingw32/bin/../lib/gcc/nios2-elf/4.1.2/../../../../nios2-elf/lib\libc.a(lib_a-impure.o)
                              f:/quartus/nios2eds/bin/gnu/h-i686-mingw32/bin/../lib/gcc/nios2-elf/4.1.2/../../../../nios2-elf/lib\libc.a(lib_a-printf.o) (_impure_ptr)
f:/quartus/nios2eds/bin/gnu/h-i686-mingw32/bin/../lib/gcc/nios2-elf/4.1.2/../../../../nios2-elf/lib\libc.a(lib_a-locale.o)
                              f:/quartus/nios2eds/bin/gnu/h-i686-mingw32/bin/../lib/gcc/nios2-elf/4.1.2/../../../../nios2-elf/lib\libc.a(lib_a-vfprintf.o) (_localeconv_r)
f:/quartus/nios2eds/bin/gnu/h-i686-mingw32/bin/../lib/gcc/nios2-elf/4.1.2/../../../../nios2-elf/lib\libc.a(lib_a-makebuf.o)
                              f:/quartus/nios2eds/bin/gnu/h-i686-mingw32/bin/../lib/gcc/nios2-elf/4.1.2/../../../../nios2-elf/lib\libc.a(lib_a-wsetup.o) (__smakebuf_r)
f:/quartus/nios2eds/bin/gnu/h-i686-mingw32/bin/../lib/gcc/nios2-elf/4.1.2/../../../../nios2-elf/lib\libc.a(lib_a-mallocr.o)
                              f:/quartus/nios2eds/bin/gnu/h-i686-mingw32/bin/../lib/gcc/nios2-elf/4.1.2/../../../../nios2-elf/lib\libc.a(lib_a-findfp.o) (_malloc_r)
f:/quartus/nios2eds/bin/gnu/h-i686-mingw32/bin/../lib/gcc/nios2-elf/4.1.2/../../../../nios2-elf/lib\libc.a(lib_a-memchr.o)
                              f:/quartus/nios2eds/bin/gnu/h-i686-mingw32/bin/../lib/gcc/nios2-elf/4.1.2/../../../../nios2-elf/lib\libc.a(lib_a-vfprintf.o) (memchr)
f:/quartus/nios2eds/bin/gnu/h-i686-mingw32/bin/../lib/gcc/nios2-elf/4.1.2/../../../../nios2-elf/lib\libc.a(lib_a-memcpy.o)
                              f:/quartus/nios2eds/bin/gnu/h-i686-mingw32/bin/../lib/gcc/nios2-elf/4.1.2/../../../../nios2-elf/lib\libc.a(lib_a-dtoa.o) (memcpy)
f:/quartus/nios2eds/bin/gnu/h-i686-mingw32/bin/../lib/gcc/nios2-elf/4.1.2/../../../../nios2-elf/lib\libc.a(lib_a-memmove.o)
[...]
Memory Configuration

Name             Origin             Length             Attributes
onchip_memory2_0 0x00000000         0x00001000
reset            0x01000000         0x00000020
sdram            0x01000020         0x007fffe0
*default*        0x00000000         0xffffffff

Linker script and memory map

LOAD ../classifierTest_bsp//obj/HAL/src/crt0.o
LOAD obj/default/classifier_core.o
LOAD f:/quartus/nios2eds/bin/gnu/h-i686-mingw32/bin/../lib/gcc/nios2-elf/4.1.2/../../../../nios2-elf/lib\libstdc++.a
LOAD f:/quartus/nios2eds/bin/gnu/h-i686-mingw32/bin/../lib/gcc/nios2-elf/4.1.2/../../../../nios2-elf/lib\libm.a
LOAD f:/quartus/nios2eds/bin/gnu/h-i686-mingw32/bin/../lib/gcc/nios2-elf/4.1.2\libgcc.a
START GROUP
LOAD f:/quartus/nios2eds/bin/gnu/h-i686-mingw32/bin/../lib/gcc/nios2-elf/4.1.2/../../../../nios2-elf/lib\libc.a
LOAD f:/quartus/nios2eds/bin/gnu/h-i686-mingw32/bin/../lib/gcc/nios2-elf/4.1.2\libgcc.a
LOAD ../classifierTest_bsp/\libhal_bsp.a
END GROUP
LOAD f:/quartus/nios2eds/bin/gnu/h-i686-mingw32/bin/../lib/gcc/nios2-elf/4.1.2\libgcc.a
                0x00000000                __alt_mem_onchip_memory2_0 = 0x0
                0x01000000                __alt_mem_sdram = 0x1000000

.entry          0x01000000       0x20
 *(.entry)
 .entry         0x01000000       0x20 ../classifierTest_bsp//obj/HAL/src/crt0.o
                0x01000000                __reset

.exceptions     0x01000020      0x198
                0x01000020                PROVIDE (__ram_exceptions_start, ABSOLUTE (.))
                0x01000020                . = ALIGN (0x20)
 *(.irq)
 *(.exceptions.entry.label)
 .exceptions.entry.label
                0x01000020        0x0 ../classifierTest_bsp/\libhal_bsp.a(alt_irq_entry.o)
                0x01000020                alt_irq_entry
 .exceptions.entry.label
                0x01000020        0x0 ../classifierTest_bsp/\libhal_bsp.a(alt_exception_entry.o)
                0x01000020                alt_exception
 *(.exceptions.entry.user)
 *(.exceptions.entry)
 .exceptions.entry
                0x01000020       0x54 ../classifierTest_bsp/\libhal_bsp.a(alt_exception_entry.o)
 *(.exceptions.irqtest.user)
 *(.exceptions.irqtest)
 .exceptions.irqtest
                0x01000074       0x10 ../classifierTest_bsp/\libhal_bsp.a(alt_irq_entry.o)
 *(.exceptions.irqhandler.user)
 *(.exceptions.irqhandler)
 .exceptions.irqhandler
                0x01000084        0x4 ../classifierTest_bsp/\libhal_bsp.a(alt_irq_entry.o)
 *(.exceptions.irqreturn.user)
 *(.exceptions.irqreturn)
 .exceptions.irqreturn
                0x01000088        0x4 ../classifierTest_bsp/\libhal_bsp.a(alt_irq_entry.o)
 *(.exceptions.notirq.label)
 .exceptions.notirq.label
                0x0100008c        0x0 ../classifierTest_bsp/\libhal_bsp.a(alt_irq_entry.o)
 *(.exceptions.notirq.user)
 *(.exceptions.notirq)
 .exceptions.notirq
                0x0100008c        0x8 ../classifierTest_bsp/\libhal_bsp.a(alt_exception_entry.o)
 *(.exceptions.soft.user)
 *(.exceptions.soft)
 *(.exceptions.unknown.user)
 *(.exceptions.unknown)
 .exceptions.unknown
                0x01000094        0x4 ../classifierTest_bsp/\libhal_bsp.a(alt_exception_entry.o)
 *(.exceptions.exit.label)
 .exceptions.exit.label
                0x01000098        0x0 ../classifierTest_bsp/\libhal_bsp.a(alt_irq_entry.o)
 .exceptions.exit.label
                0x01000098        0x0 ../classifierTest_bsp/\libhal_bsp.a(alt_exception_entry.o)
 *(.exceptions.exit.user)
 *(.exceptions.exit)
 .exceptions.exit
                0x01000098       0x54 ../classifierTest_bsp/\libhal_bsp.a(alt_exception_entry.o)
 *(.exceptions)
 .exceptions    0x010000ec       0xcc ../classifierTest_bsp/\libhal_bsp.a(alt_irq_handler.o)
                0x010000ec                alt_irq_handler
                0x010001b8                PROVIDE (__ram_exceptions_end, ABSOLUTE (.))
                0x01000020                PROVIDE (__flash_exceptions_start, LOADADDR (.exceptions))

.text           0x010001b8     0xc928
                0x010001b8                PROVIDE (stext, ABSOLUTE (.))
 *(.interp)
 *(.hash)
 *(.dynsym)
 *(.dynstr)
 *(.gnu.version)
 *(.gnu.version_d)
 *(.gnu.version_r)
 *(.rel.init)
 *(.rela.init)
 *(.rel.text .rel.text.* .rel.gnu.linkonce.t.*)
 *(.rela.text .rela.text.* .rela.gnu.linkonce.t.*)
 *(.rel.fini)
 *(.rela.fini)
 *(.rel.rodata .rel.rodata.* .rel.gnu.linkonce.r.*)
 *(.rela.rodata .rela.rodata.* .rela.gnu.linkonce.r.*)
 *(.rel.data .rel.data.* .rel.gnu.linkonce.d.*)
 *(.rela.data .rela.data.* .rela.gnu.linkonce.d.*)
 *(.rel.tdata .rel.tdata.* .rel.gnu.linkonce.td.*)
 *(.rela.tdata .rela.tdata.* .rela.gnu.linkonce.td.*)
 *(.rel.tbss .rel.tbss.* .rel.gnu.linkonce.tb.*)
 *(.rela.tbss .rela.tbss.* .rela.gnu.linkonce.tb.*)
 *(.rel.ctors)
 *(.rela.ctors)
 *(.rel.dtors)
 *(.rela.dtors)
 *(.rel.got)
 *(.rela.got)
 *(.rel.sdata .rel.sdata.* .rel.gnu.linkonce.s.*)
 *(.rela.sdata .rela.sdata.* .rela.gnu.linkonce.s.*)
 *(.rel.sbss .rel.sbss.* .rel.gnu.linkonce.sb.*)
 *(.rela.sbss .rela.sbss.* .rela.gnu.linkonce.sb.*)
 *(.rel.sdata2 .rel.sdata2.* .rel.gnu.linkonce.s2.*)
 *(.rela.sdata2 .rela.sdata2.* .rela.gnu.linkonce.s2.*)
 *(.rel.sbss2 .rel.sbss2.* .rel.gnu.linkonce.sb2.*)
 *(.rela.sbss2 .rela.sbss2.* .rela.gnu.linkonce.sb2.*)
 *(.rel.bss .rel.bss.* .rel.gnu.linkonce.b.*)
 *(.rela.bss .rela.bss.* .rela.gnu.linkonce.b.*)
 *(.rel.plt)
 *(.rela.plt)
 *(.rel.dyn)
 *(.init)
 *(.plt)
 *(.text .stub .text.* .gnu.linkonce.t.*)
 .text          0x010001b8       0x4c ../classifierTest_bsp//obj/HAL/src/crt0.o
                0x010001b8                _start
 .text          0x01000204      0x2c0 obj/default/classifier_core.o
                0x01000204                main
                0x0100046c                encode
 .text          0x010004c4       0x78 f:/quartus/nios2eds/bin/gnu/h-i686-mingw32/bin/../lib/gcc/nios2-elf/4.1.2/../../../../nios2-elf/lib\libc.a(lib_a-printf.o)
                0x010004c4                printf
                0x01000508                _printf_r
 .text          0x0100053c       0xb4 f:/quartus/nios2eds/bin/gnu/h-i686-mingw32/bin/../lib/gcc/nios2-elf/4.1.2/../../../../nios2-elf/lib\libc.a(lib_a-puts.o)
                0x0100053c                _puts_r
                0x010005dc                puts
 .text          0x010005f0       0x74 f:/quartus/nios2eds/bin/gnu/h-i686-mingw32/bin/../lib/gcc/nios2-elf/4.1.2/../../../../nios2-elf/lib\libc.a(lib_a-strlen.o)
                0x010005f0                strlen
 .text          0x01000664     0x1f28 f:/quartus/nios2eds/bin/gnu/h-i686-mingw32/bin/../lib/gcc/nios2-elf/4.1.2/../../../../nios2-elf/lib\libc.a(lib_a-vfprintf.o)
                0x010006bc                ___vfprintf_internal_r
                0x01002568                __vfprintf_internal
 .text          0x0100258c      0x13c f:/quartus/nios2eds/bin/gnu/h-i686-mingw32/bin/../lib/gcc/nios2-elf/4.1.2/../../../../nios2-elf/lib\libc.a(lib_a-wsetup.o)
                0x0100258c                __swsetup_r
 .text          0x010026c8     0x17cc f:/quartus/nios2eds/bin/gnu/h-i686-mingw32/bin/../lib/gcc/nios2-elf/4.1.2/../../../../nios2-elf/lib\libc.a(lib_a-dtoa.o)
                0x010028e0                _dtoa_r
 .text          0x01003e94      0x230 f:/quartus/nios2eds/bin/gnu/h-i686-mingw32/bin/../lib/gcc/nios2-elf/4.1.2/../../../../nios2-elf/lib\libc.a(lib_a-fflush.o)
                0x01003e94                _fflush_r
                0x01004090                fflush
 .text          0x010040c4      0x2c0 f:/quartus/nios2eds/bin/gnu/h-i686-mingw32/bin/../lib/gcc/nios2-elf/4.1.2/../../../../nios2-elf/lib\libc.a(lib_a-findfp.o)
                0x0100411c                __sfp_lock_acquire
                0x01004120                __sfp_lock_release
                0x01004124                __sinit_lock_acquire
                0x01004128                __sinit_lock_release
                0x0100412c                __sinit
                0x010041e0                __fp_unlock_all
                0x010041f8                __fp_lock_all
                0x01004210                _cleanup_r
                0x0100421c                _cleanup
                0x0100422c                __sfmoreglue
                0x01004294                __sfp
 .text          0x01004384      0x440 f:/quartus/nios2eds/bin/gnu/h-i686-mingw32/bin/../lib/gcc/nios2-elf/4.1.2/../../../../nios2-elf/lib\libc.a(lib_a-freer.o)
                0x01004384                _malloc_trim_r
                0x010044b0                _free_r
 .text          0x010047c4      0x49c f:/quartus/nios2eds/bin/gnu/h-i686-mingw32/bin/../lib/gcc/nios2-elf/4.1.2/../../../../nios2-elf/lib\libc.a(lib_a-fvwrite.o)
                0x010047c4                __sfvwrite_r
 .text          0x01004c60      0x180 f:/quartus/nios2eds/bin/gnu/h-i686-mingw32/bin/../lib/gcc/nios2-elf/4.1.2/../../../../nios2-elf/lib\libc.a(lib_a-fwalk.o)
                0x01004c60                _fwalk_reent
                0x01004d28                _fwalk
 .text          0x01004de0        0x0 f:/quartus/nios2eds/bin/gnu/h-i686-mingw32/bin/../lib/gcc/nios2-elf/4.1.2/../../../../nios2-elf/lib\libc.a(lib_a-impure.o)
 .text          0x01004de0       0xc4 f:/quartus/nios2eds/bin/gnu/h-i686-mingw32/bin/../lib/gcc/nios2-elf/4.1.2/../../../../nios2-elf/lib\libc.a(lib_a-locale.o)
                0x01004de0                __locale_charset
                0x01004de8                _localeconv_r
                0x01004df4                localeconv
                0x01004e04                _setlocale_r
                0x01004e88                setlocale
 .text          0x01004ea4      0x194 f:/quartus/nios2eds/bin/gnu/h-i686-mingw32/bin/../lib/gcc/nios2-elf/4.1.2/../../../../nios2-elf/lib\libc.a(lib_a-makebuf.o)
                0x01004ea4                __smakebuf_r
 .text          0x01005038      0x740 f:/quartus/nios2eds/bin/gnu/h-i686-mingw32/bin/../lib/gcc/nios2-elf/4.1.2/../../../../nios2-elf/lib\libc.a(lib_a-mallocr.o)
                0x01005038                _malloc_r
 .text          0x01005778       0xe4 f:/quartus/nios2eds/bin/gnu/h-i686-mingw32/bin/../lib/gcc/nios2-elf/4.1.2/../../../../nios2-elf/lib\libc.a(lib_a-memchr.o)
                0x01005778                memchr
 .text          0x0100585c       0xa0 f:/quartus/nios2eds/bin/gnu/h-i686-mingw32/bin/../lib/gcc/nios2-elf/4.1.2/../../../../nios2-elf/lib\libc.a(lib_a-memcpy.o)
                0x0100585c                memcpy
 .text          0x010058fc       0xe0 f:/quartus/nios2eds/bin/gnu/h-i686-mingw32/bin/../lib/gcc/nios2-elf/4.1.2/../../../../nios2-elf/lib\libc.a(lib_a-memmove.o)
                0x010058fc                memmove
 .text          0x010059dc       0x98 f:/quartus/nios2eds/bin/gnu/h-i686-mingw32/bin/../lib/gcc/nios2-elf/4.1.2/../../../../nios2-elf/lib\libc.a(lib_a-memset.o)
                0x010059dc                memset
 .text          0x01005a74      0xff4 f:/quartus/nios2eds/bin/gnu/h-i686-mingw32/bin/../lib/gcc/nios2-elf/4.1.2/../../../../nios2-elf/lib\libc.a(lib_a-mprec.o)
                0x01005a74                _Bfree
                0x01005a9c                __hi0bits
                0x01005b0c                __lo0bits
                0x01005bd0                __mcmp
                0x01005c30                __ulp
                0x01005cb0                __b2d
                0x01005dd0                __ratio
                0x01005e80                _mprec_log10
                0x01005f14                __copybits
                0x01005f6c                __any_on
                0x01005ff4                _Balloc
                0x010060b0                __d2b
                0x0100622c                __mdiff
                0x010063b8                __lshift
                0x01006504                __multiply
                0x010066ec                __i2b
                0x01006728                __multadd
                0x01006828                __pow5mult
                0x01006948                __s2b
 .text          0x01006a68      0x5f4 f:/quartus/nios2eds/bin/gnu/h-i686-mingw32/bin/../lib/gcc/nios2-elf/4.1.2/../../../../nios2-elf/lib\libc.a(lib_a-reallocr.o)
                0x01006a68                _realloc_r
 .text          0x0100705c       0x40 f:/quartus/nios2eds/bin/gnu/h-i686-mingw32/bin/../lib/gcc/nios2-elf/4.1.2/../../../../nios2-elf/lib\libc.a(lib_a-s_isinfd.o)
                0x0100705c                __isinfd
 .text          0x0100709c       0x30 f:/quartus/nios2eds/bin/gnu/h-i686-mingw32/bin/../lib/gcc/nios2-elf/4.1.2/../../../../nios2-elf/lib\libc.a(lib_a-s_isnand.o)
                0x0100709c                __isnand
 .text          0x010070cc       0x70 f:/quartus/nios2eds/bin/gnu/h-i686-mingw32/bin/../lib/gcc/nios2-elf/4.1.2/../../../../nios2-elf/lib\libc.a(lib_a-sbrkr.o)
                0x010070cc                _sbrk_r
 .text          0x0100713c      0x14c f:/quartus/nios2eds/bin/gnu/h-i686-mingw32/bin/../lib/gcc/nios2-elf/4.1.2/../../../../nios2-elf/lib\libc.a(lib_a-stdio.o)
                0x0100713c                __sclose
                0x01007144                __sseek
                0x010071ac                __swrite
                0x01007228                __sread
 .text          0x01007288       0xbc f:/quartus/nios2eds/bin/gnu/h-i686-mingw32/bin/../lib/gcc/nios2-elf/4.1.2/../../../../nios2-elf/lib\libc.a(lib_a-strcmp.o)
                0x01007288                strcmp
 .text          0x01007344       0x78 f:/quartus/nios2eds/bin/gnu/h-i686-mingw32/bin/../lib/gcc/nios2-elf/4.1.2/../../../../nios2-elf/lib\libc.a(lib_a-writer.o)
                0x01007344                _write_r
 .text          0x010073bc       0xb4 f:/quartus/nios2eds/bin/gnu/h-i686-mingw32/bin/../lib/gcc/nios2-elf/4.1.2/../../../../nios2-elf/lib\libc.a(lib_a-callocr.o)
                0x010073bc                _calloc_r
 .text          0x01007470       0x70 f:/quartus/nios2eds/bin/gnu/h-i686-mingw32/bin/../lib/gcc/nios2-elf/4.1.2/../../../../nios2-elf/lib\libc.a(lib_a-closer.o)
                0x01007470                _close_r
 .text          0x010074e0      0x124 f:/quartus/nios2eds/bin/gnu/h-i686-mingw32/bin/../lib/gcc/nios2-elf/4.1.2/../../../../nios2-elf/lib\libc.a(lib_a-fclose.o)
                0x010074e0                _fclose_r
                0x010075f0                fclose
 .text          0x01007604       0x74 f:/quartus/nios2eds/bin/gnu/h-i686-mingw32/bin/../lib/gcc/nios2-elf/4.1.2/../../../../nios2-elf/lib\libc.a(lib_a-fstatr.o)
                0x01007604                _fstat_r
 .text          0x01007678        0x0 f:/quartus/nios2eds/bin/gnu/h-i686-mingw32/bin/../lib/gcc/nios2-elf/4.1.2/../../../../nios2-elf/lib\libc.a(lib_a-int_errno.o)
 .text          0x01007678       0x70 f:/quartus/nios2eds/bin/gnu/h-i686-mingw32/bin/../lib/gcc/nios2-elf/4.1.2/../../../../nios2-elf/lib\libc.a(lib_a-isattyr.o)
                0x01007678                _isatty_r
 .text          0x010076e8       0x78 f:/quartus/nios2eds/bin/gnu/h-i686-mingw32/bin/../lib/gcc/nios2-elf/4.1.2/../../../../nios2-elf/lib\libc.a(lib_a-lseekr.o)
                0x010076e8                _lseek_r
 .text          0x01007760       0x78 f:/quartus/nios2eds/bin/gnu/h-i686-mingw32/bin/../lib/gcc/nios2-elf/4.1.2/../../../../nios2-elf/lib\libc.a(lib_a-readr.o)
                0x01007760                _read_r
 .text          0x010077d8      0x5dc f:/quartus/nios2eds/bin/gnu/h-i686-mingw32/bin/../lib/gcc/nios2-elf/4.1.2\libgcc.a(_udivdi3.o)
                0x010077d8                __udivdi3
 .text          0x01007db4      0x5b0 f:/quartus/nios2eds/bin/gnu/h-i686-mingw32/bin/../lib/gcc/nios2-elf/4.1.2\libgcc.a(_umoddi3.o)
                0x01007db4                __umoddi3
 .text          0x01008364      0x504 f:/quartus/nios2eds/bin/gnu/h-i686-mingw32/bin/../lib/gcc/nios2-elf/4.1.2\libgcc.a(_addsub_df.o)
                0x01008774                __subdf3
                0x010087f4                __adddf3
 .text          0x01008868      0x3c4 f:/quartus/nios2eds/bin/gnu/h-i686-mingw32/bin/../lib/gcc/nios2-elf/4.1.2\libgcc.a(_mul_df.o)
                0x01008868                __muldf3
 .text          0x01008c2c      0x258 f:/quartus/nios2eds/bin/gnu/h-i686-mingw32/bin/../lib/gcc/nios2-elf/4.1.2\libgcc.a(_div_df.o)
                0x01008c2c                __divdf3
 .text          0x01008e84       0x88 f:/quartus/nios2eds/bin/gnu/h-i686-mingw32/bin/../lib/gcc/nios2-elf/4.1.2\libgcc.a(_eq_df.o)
                0x01008e84                __eqdf2
 .text          0x01008f0c       0x88 f:/quartus/nios2eds/bin/gnu/h-i686-mingw32/bin/../lib/gcc/nios2-elf/4.1.2\libgcc.a(_ne_df.o)
                0x01008f0c                __nedf2
 .text          0x01008f94       0x88 f:/quartus/nios2eds/bin/gnu/h-i686-mingw32/bin/../lib/gcc/nios2-elf/4.1.2\libgcc.a(_gt_df.o)
                0x01008f94                __gtdf2
 .text          0x0100901c       0x88 f:/quartus/nios2eds/bin/gnu/h-i686-mingw32/bin/../lib/gcc/nios2-elf/4.1.2\libgcc.a(_ge_df.o)
                0x0100901c                __gedf2
 .text          0x010090a4       0x88 f:/quartus/nios2eds/bin/gnu/h-i686-mingw32/bin/../lib/gcc/nios2-elf/4.1.2\libgcc.a(_lt_df.o)
                0x010090a4                __ltdf2
 .text          0x0100912c       0xf8 f:/quartus/nios2eds/bin/gnu/h-i686-mingw32/bin/../lib/gcc/nios2-elf/4.1.2\libgcc.a(_si_to_df.o)
                0x0100912c                __floatsidf
 .text          0x01009224       0xd8 f:/quartus/nios2eds/bin/gnu/h-i686-mingw32/bin/../lib/gcc/nios2-elf/4.1.2\libgcc.a(_df_to_si.o)
                0x01009224                __fixdfsi
 .text          0x010092fc        0x0 f:/quartus/nios2eds/bin/gnu/h-i686-mingw32/bin/../lib/gcc/nios2-elf/4.1.2\libgcc.a(_thenan_df.o)
 .text          0x010092fc      0x194 f:/quartus/nios2eds/bin/gnu/h-i686-mingw32/bin/../lib/gcc/nios2-elf/4.1.2\libgcc.a(_usi_to_df.o)
                0x010092fc                __floatunsidf
 .text          0x01009490      0x14c f:/quartus/nios2eds/bin/gnu/h-i686-mingw32/bin/../lib/gcc/nios2-elf/4.1.2\libgcc.a(lib2-divmod.o)
                0x0100950c                __divsi3
                0x0100956c                __modsi3
                0x010095cc                __udivsi3
                0x010095d4                __umodsi3
 .text          0x010095dc       0x98 f:/quartus/nios2eds/bin/gnu/h-i686-mingw32/bin/../lib/gcc/nios2-elf/4.1.2\libgcc.a(_muldi3.o)
                0x010095dc                __muldi3
 .text          0x01009674        0x0 f:/quartus/nios2eds/bin/gnu/h-i686-mingw32/bin/../lib/gcc/nios2-elf/4.1.2\libgcc.a(_clz.o)
 .text          0x01009674       0x80 f:/quartus/nios2eds/bin/gnu/h-i686-mingw32/bin/../lib/gcc/nios2-elf/4.1.2\libgcc.a(_clzsi2.o)
                0x01009674                __clzsi2
 .text          0x010096f4      0x314 f:/quartus/nios2eds/bin/gnu/h-i686-mingw32/bin/../lib/gcc/nios2-elf/4.1.2\libgcc.a(_pack_df.o)
                0x010096f4                __pack_d
 .text          0x01009a08      0x138 f:/quartus/nios2eds/bin/gnu/h-i686-mingw32/bin/../lib/gcc/nios2-elf/4.1.2\libgcc.a(_unpack_df.o)
                0x01009a08                __unpack_d
 .text          0x01009b40       0xc8 f:/quartus/nios2eds/bin/gnu/h-i686-mingw32/bin/../lib/gcc/nios2-elf/4.1.2\libgcc.a(_fpcmp_parts_df.o)
                0x01009b40                __fpcmp_parts_d
 .text          0x01009c08      0x15c ../classifierTest_bsp/\libhal_bsp.a(alt_close.o)
                0x01009c08                close
 .text          0x01009d64       0x2c ../classifierTest_bsp/\libhal_bsp.a(alt_dev.o)
 .text          0x01009d90        0x0 ../classifierTest_bsp/\libhal_bsp.a(alt_errno.o)
 .text          0x01009d90      0x134 ../classifierTest_bsp/\libhal_bsp.a(alt_fstat.o)
                0x01009d90                fstat
 .text          0x01009ec4      0x120 ../classifierTest_bsp/\libhal_bsp.a(alt_isatty.o)
                0x01009ec4                isatty
 .text          0x01009fe4       0xec ../classifierTest_bsp/\libhal_bsp.a(alt_load.o)
                0x01009fe4                alt_load
 .text          0x0100a0d0      0x150 ../classifierTest_bsp/\libhal_bsp.a(alt_lseek.o)
                0x0100a0d0                lseek
 .text          0x0100a220       0x6c ../classifierTest_bsp/\libhal_bsp.a(alt_main.o)
                0x0100a220                alt_main
 .text          0x0100a28c       0x40 ../classifierTest_bsp/\libhal_bsp.a(alt_malloc_lock.o)
                0x0100a28c                __malloc_lock
                0x0100a2ac                __malloc_unlock
 .text          0x0100a2cc      0x180 ../classifierTest_bsp/\libhal_bsp.a(alt_read.o)
                0x0100a2cc                read
 .text          0x0100a44c       0x60 ../classifierTest_bsp/\libhal_bsp.a(alt_release_fd.o)
                0x0100a44c                alt_release_fd
 .text          0x0100a4ac       0xbc ../classifierTest_bsp/\libhal_bsp.a(alt_sbrk.o)
                0x0100a4ac                sbrk
 .text          0x0100a568      0x180 ../classifierTest_bsp/\libhal_bsp.a(alt_write.o)
                0x0100a568                write
 .text          0x0100a6e8       0xf4 ../classifierTest_bsp/\libhal_bsp.a(alt_sys_init.o)
                0x0100a6e8                alt_irq_init
                0x0100a71c                alt_sys_init
 .text          0x0100a7dc      0x148 ../classifierTest_bsp/\libhal_bsp.a(altera_avalon_jtag_uart_fd.o)
                0x0100a7dc                altera_avalon_jtag_uart_read_fd
                0x0100a834                altera_avalon_jtag_uart_write_fd
                0x0100a88c                altera_avalon_jtag_uart_close_fd
                0x0100a8d4                altera_avalon_jtag_uart_ioctl_fd
 .text          0x0100a924      0x408 ../classifierTest_bsp/\libhal_bsp.a(altera_avalon_jtag_uart_init.o)
                0x0100a924                altera_avalon_jtag_uart_init
                0x0100acb8                altera_avalon_jtag_uart_close
 .text          0x0100ad2c       0xf4 ../classifierTest_bsp/\libhal_bsp.a(altera_avalon_jtag_uart_ioctl.o)
                0x0100ad2c                altera_avalon_jtag_uart_ioctl
 .text          0x0100ae20      0x224 ../classifierTest_bsp/\libhal_bsp.a(altera_avalon_jtag_uart_read.o)
                0x0100ae20                altera_avalon_jtag_uart_read
 .text          0x0100b044      0x240 ../classifierTest_bsp/\libhal_bsp.a(altera_avalon_jtag_uart_write.o)
                0x0100b044                altera_avalon_jtag_uart_write
 .text          0x0100b284       0xfc ../classifierTest_bsp/\libhal_bsp.a(altera_avalon_timer_sc.o)
                0x0100b2f8                alt_avalon_timer_sc_init
 .text          0x0100b380      0x530 ../classifierTest_bsp/\libhal_bsp.a(altera_up_avalon_character_lcd.o)
                0x0100b380                get_DDRAM_addr
                0x0100b3fc                alt_up_character_lcd_send_cmd
                0x0100b430                alt_up_character_lcd_init
                0x0100b464                alt_up_character_lcd_open_dev
                0x0100b4a4                alt_up_character_lcd_write
                0x0100b51c                alt_up_character_lcd_string
                0x0100b594                alt_up_character_lcd_write_fd
                0x0100b5e0                alt_up_character_lcd_set_cursor_pos
                0x0100b658                alt_up_character_lcd_shift_cursor
                0x0100b708                alt_up_character_lcd_shift_display
                0x0100b7b8                alt_up_character_lcd_erase_pos
                0x0100b848                alt_up_character_lcd_cursor_off
                0x0100b87c                alt_up_character_lcd_cursor_blink_on
 .text          0x0100b8b0      0x154 ../classifierTest_bsp/\libhal_bsp.a(alt_alarm_start.o)
                0x0100b8b0                alt_alarm_start
 .text          0x0100ba04       0x44 ../classifierTest_bsp/\libhal_bsp.a(alt_dcache_flush_all.o)
                0x0100ba04                alt_dcache_flush_all
 .text          0x0100ba48      0x114 ../classifierTest_bsp/\libhal_bsp.a(alt_dev_llist_insert.o)
                0x0100ba48                alt_dev_llist_insert
 .text          0x0100bb5c       0x64 ../classifierTest_bsp/\libhal_bsp.a(alt_do_ctors.o)
                0x0100bb5c                _do_ctors
 .text          0x0100bbc0       0x64 ../classifierTest_bsp/\libhal_bsp.a(alt_do_dtors.o)
                0x0100bbc0                _do_dtors
 .text          0x0100bc24       0x94 ../classifierTest_bsp/\libhal_bsp.a(alt_find_dev.o)
                0x0100bc24                alt_find_dev
 .text          0x0100bcb8       0x30 ../classifierTest_bsp/\libhal_bsp.a(alt_icache_flush_all.o)
                0x0100bcb8                alt_icache_flush_all
 .text          0x0100bce8      0x13c ../classifierTest_bsp/\libhal_bsp.a(alt_io_redirect.o)
                0x0100bdac                alt_io_redirect
 .text          0x0100be24      0x1c0 ../classifierTest_bsp/\libhal_bsp.a(alt_irq_register.o)
                0x0100be24                alt_irq_register
 .text          0x0100bfe4        0x0 ../classifierTest_bsp/\libhal_bsp.a(alt_irq_vars.o)
 .text          0x0100bfe4      0x2c4 ../classifierTest_bsp/\libhal_bsp.a(alt_open.o)
                0x0100c0c0                open
 .text          0x0100c2a8      0x1a4 ../classifierTest_bsp/\libhal_bsp.a(alt_tick.o)
                0x0100c2a8                alt_alarm_stop
                0x0100c340                alt_tick
 .text          0x0100c44c       0x20 ../classifierTest_bsp/\libhal_bsp.a(altera_nios2_qsys_irq.o)
                0x0100c44c                altera_nios2_qsys_irq_init
 .text          0x0100c46c      0x120 ../classifierTest_bsp/\libhal_bsp.a(alt_find_file.o)
                0x0100c46c                alt_find_file
 .text          0x0100c58c       0xb8 ../classifierTest_bsp/\libhal_bsp.a(alt_get_fd.o)
                0x0100c58c                alt_get_fd
 .text          0x0100c644       0x90 ../classifierTest_bsp/\libhal_bsp.a(alt_icache_flush.o)
                0x0100c644                alt_icache_flush
 .text          0x0100c6d4        0x0 ../classifierTest_bsp/\libhal_bsp.a(alt_irq_entry.o)
 .text          0x0100c6d4        0x0 ../classifierTest_bsp/\libhal_bsp.a(alt_irq_handler.o)
 .text          0x0100c6d4        0x0 ../classifierTest_bsp/\libhal_bsp.a(alt_exception_entry.o)
 .text          0x0100c6d4       0x14 f:/quartus/nios2eds/bin/gnu/h-i686-mingw32/bin/../lib/gcc/nios2-elf/4.1.2/../../../../nios2-elf/lib\libc.a(lib_a-atexit.o)
                0x0100c6d4                atexit
 .text          0x0100c6e8       0x38 f:/quartus/nios2eds/bin/gnu/h-i686-mingw32/bin/../lib/gcc/nios2-elf/4.1.2/../../../../nios2-elf/lib\libc.a(lib_a-exit.o)
                0x0100c6e8                exit
 .text          0x0100c720       0x74 f:/quartus/nios2eds/bin/gnu/h-i686-mingw32/bin/../lib/gcc/nios2-elf/4.1.2/../../../../nios2-elf/lib\libc.a(lib_a-memcmp.o)
                0x0100c720                memcmp
 .text          0x0100c794      0x134 f:/quartus/nios2eds/bin/gnu/h-i686-mingw32/bin/../lib/gcc/nios2-elf/4.1.2/../../../../nios2-elf/lib\libc.a(lib_a-__atexit.o)
                0x0100c794                __register_exitproc
 .text          0x0100c8c8      0x1b4 f:/quartus/nios2eds/bin/gnu/h-i686-mingw32/bin/../lib/gcc/nios2-elf/4.1.2/../../../../nios2-elf/lib\libc.a(lib_a-__call_atexit.o)
                0x0100c8cc                __call_exitprocs
 .text          0x0100ca7c       0x60 ../classifierTest_bsp/\libhal_bsp.a(alt_exit.o)
                0x0100cabc                _exit
 *(.gnu.warning.*)
 *(.fini)
                0x0100cadc                PROVIDE (__etext, ABSOLUTE (.))
                0x0100cadc                PROVIDE (_etext, ABSOLUTE (.))
                0x0100cadc                PROVIDE (etext, ABSOLUTE (.))
 *(.eh_frame_hdr)
                0x0100cadc                . = ALIGN (0x4)
                0x0100cadc                PROVIDE (__preinit_array_start, ABSOLUTE (.))
 *(.preinit_array)
                0x0100cadc                PROVIDE (__preinit_array_end, ABSOLUTE (.))
                0x0100cadc                PROVIDE (__init_array_start, ABSOLUTE (.))
 *(.init_array)
                0x0100cadc                PROVIDE (__init_array_end, ABSOLUTE (.))
                0x0100cadc                PROVIDE (__fini_array_start, ABSOLUTE (.))
 *(.fini_array)
                0x0100cadc                PROVIDE (__fini_array_end, ABSOLUTE (.))
 *(.eh_frame)
 *(.gcc_except_table)
 *(.dynamic)
                0x0100cadc                PROVIDE (__CTOR_LIST__, ABSOLUTE (.))
 *(.ctors)
 *(SORT(.ctors.*))
 .ctors.65535   0x0100cadc        0x4 f:/quartus/nios2eds/bin/gnu/h-i686-mingw32/bin/../lib/gcc/nios2-elf/4.1.2/../../../../nios2-elf/lib\libc.a(lib_a-__call_atexit.o)
                0x0100cae0                PROVIDE (__CTOR_END__, ABSOLUTE (.))
                0x0100cae0                PROVIDE (__DTOR_LIST__, ABSOLUTE (.))
 *(.dtors)
 *(SORT(.dtors.*))
                0x0100cae0                PROVIDE (__DTOR_END__, ABSOLUTE (.))
 *(.jcr)
                0x0100cae0                . = ALIGN (0x4)

.rodata         0x0100cae0      0x484
                0x0100cae0                PROVIDE (__ram_rodata_start, ABSOLUTE (.))
                0x0100cae0                . = ALIGN (0x4)
 *(.rodata .rodata.* .gnu.linkonce.r.*)
 .rodata        0x0100cae0      0x110 obj/default/classifier_core.o
 .rodata.str1.4
                0x0100cbf0        0x2 f:/quartus/nios2eds/bin/gnu/h-i686-mingw32/bin/../lib/gcc/nios2-elf/4.1.2/../../../../nios2-elf/lib\libc.a(lib_a-puts.o)
                                  0x4 (size before relaxing)
 *fill*         0x0100cbf2        0x2 00
 .rodata.str1.4
                0x0100cbf4       0x5e f:/quartus/nios2eds/bin/gnu/h-i686-mingw32/bin/../lib/gcc/nios2-elf/4.1.2/../../../../nios2-elf/lib\libc.a(lib_a-vfprintf.o)
                                 0x60 (size before relaxing)
 .rodata        0x0100cc52       0x20 f:/quartus/nios2eds/bin/gnu/h-i686-mingw32/bin/../lib/gcc/nios2-elf/4.1.2/../../../../nios2-elf/lib\libc.a(lib_a-vfprintf.o)
 *fill*         0x0100cc72        0x2 00
 .rodata.str1.4
                0x0100cc74       0x10 f:/quartus/nios2eds/bin/gnu/h-i686-mingw32/bin/../lib/gcc/nios2-elf/4.1.2/../../../../nios2-elf/lib\libc.a(lib_a-dtoa.o)
                                 0x14 (size before relaxing)
 .rodata.str1.4
                0x0100cc84        0x2 f:/quartus/nios2eds/bin/gnu/h-i686-mingw32/bin/../lib/gcc/nios2-elf/4.1.2/../../../../nios2-elf/lib\libc.a(lib_a-impure.o)
                                  0x4 (size before relaxing)
 *fill*         0x0100cc86        0x2 00
 .rodata.str1.4
                0x0100cc88       0x10 f:/quartus/nios2eds/bin/gnu/h-i686-mingw32/bin/../lib/gcc/nios2-elf/4.1.2/../../../../nios2-elf/lib\libc.a(lib_a-locale.o)
                                 0x18 (size before relaxing)
 .rodata        0x0100cc98       0x30 f:/quartus/nios2eds/bin/gnu/h-i686-mingw32/bin/../lib/gcc/nios2-elf/4.1.2/../../../../nios2-elf/lib\libc.a(lib_a-locale.o)
 .rodata        0x0100ccc8      0x124 f:/quartus/nios2eds/bin/gnu/h-i686-mingw32/bin/../lib/gcc/nios2-elf/4.1.2/../../../../nios2-elf/lib\libc.a(lib_a-mprec.o)
                0x0100ccc8                __mprec_tens
                0x0100cd90                __mprec_bigtens
                0x0100cdb8                __mprec_tinytens
 .rodata        0x0100cdec       0x14 f:/quartus/nios2eds/bin/gnu/h-i686-mingw32/bin/../lib/gcc/nios2-elf/4.1.2\libgcc.a(_thenan_df.o)
                0x0100cdec                __thenan_df
 .rodata        0x0100ce00      0x100 f:/quartus/nios2eds/bin/gnu/h-i686-mingw32/bin/../lib/gcc/nios2-elf/4.1.2\libgcc.a(_clz.o)
                0x0100ce00                __clz_tab
 .rodata        0x0100cf00        0xc ../classifierTest_bsp/\libhal_bsp.a(alt_dev.o)
 .rodata        0x0100cf0c       0x14 ../classifierTest_bsp/\libhal_bsp.a(alt_main.o)
 .rodata        0x0100cf20       0x44 ../classifierTest_bsp/\libhal_bsp.a(alt_sys_init.o)
 *(.rodata1)
                0x0100cf64                . = ALIGN (0x4)
                0x0100cf64                PROVIDE (__ram_rodata_end, ABSOLUTE (.))
                0x0100cae0                PROVIDE (__flash_rodata_start, LOADADDR (.rodata))

.rwdata         0x0100cf64     0x1ae4 load address 0x0100ea48
                0x0100cf64                PROVIDE (__ram_rwdata_start, ABSOLUTE (.))
                0x0100cf64                . = ALIGN (0x4)
 *(.got.plt)
 *(.got)
 *(.data1)
 *(.data .data.* .gnu.linkonce.d.*)
 .data          0x0100cf64        0x0 ../classifierTest_bsp//obj/HAL/src/crt0.o
 .data          0x0100cf64        0x0 obj/default/classifier_core.o
 .data          0x0100cf64        0x0 f:/quartus/nios2eds/bin/gnu/h-i686-mingw32/bin/../lib/gcc/nios2-elf/4.1.2/../../../../nios2-elf/lib\libc.a(lib_a-printf.o)
 .data          0x0100cf64        0x0 f:/quartus/nios2eds/bin/gnu/h-i686-mingw32/bin/../lib/gcc/nios2-elf/4.1.2/../../../../nios2-elf/lib\libc.a(lib_a-puts.o)
 .data          0x0100cf64        0x0 f:/quartus/nios2eds/bin/gnu/h-i686-mingw32/bin/../lib/gcc/nios2-elf/4.1.2/../../../../nios2-elf/lib\libc.a(lib_a-strlen.o)
 .data          0x0100cf64        0x0 f:/quartus/nios2eds/bin/gnu/h-i686-mingw32/bin/../lib/gcc/nios2-elf/4.1.2/../../../../nios2-elf/lib\libc.a(lib_a-vfprintf.o)
 .data          0x0100cf64        0x0 f:/quartus/nios2eds/bin/gnu/h-i686-mingw32/bin/../lib/gcc/nios2-elf/4.1.2/../../../../nios2-elf/lib\libc.a(lib_a-wsetup.o)
 .data          0x0100cf64        0x0 f:/quartus/nios2eds/bin/gnu/h-i686-mingw32/bin/../lib/gcc/nios2-elf/4.1.2/../../../../nios2-elf/lib\libc.a(lib_a-dtoa.o)
 .data          0x0100cf64        0x0 f:/quartus/nios2eds/bin/gnu/h-i686-mingw32/bin/../lib/gcc/nios2-elf/4.1.2/../../../../nios2-elf/lib\libc.a(lib_a-fflush.o)
 .data          0x0100cf64        0x0 f:/quartus/nios2eds/bin/gnu/h-i686-mingw32/bin/../lib/gcc/nios2-elf/4.1.2/../../../../nios2-elf/lib\libc.a(lib_a-findfp.o)
 .data          0x0100cf64        0x0 f:/quartus/nios2eds/bin/gnu/h-i686-mingw32/bin/../lib/gcc/nios2-elf/4.1.2/../../../../nios2-elf/lib\libc.a(lib_a-freer.o)
 .data          0x0100cf64        0x0 f:/quartus/nios2eds/bin/gnu/h-i686-mingw32/bin/../lib/gcc/nios2-elf/4.1.2/../../../../nios2-elf/lib\libc.a(lib_a-fvwrite.o)
 .data          0x0100cf64        0x0 f:/quartus/nios2eds/bin/gnu/h-i686-mingw32/bin/../lib/gcc/nios2-elf/4.1.2/../../../../nios2-elf/lib\libc.a(lib_a-fwalk.o)
 .data          0x0100cf64      0x400 f:/quartus/nios2eds/bin/gnu/h-i686-mingw32/bin/../lib/gcc/nios2-elf/4.1.2/../../../../nios2-elf/lib\libc.a(lib_a-impure.o)
 .data          0x0100d364        0xc f:/quartus/nios2eds/bin/gnu/h-i686-mingw32/bin/../lib/gcc/nios2-elf/4.1.2/../../../../nios2-elf/lib\libc.a(lib_a-locale.o)
                0x0100d364                __lc_ctype
 .data          0x0100d370        0x0 f:/quartus/nios2eds/bin/gnu/h-i686-mingw32/bin/../lib/gcc/nios2-elf/4.1.2/../../../../nios2-elf/lib\libc.a(lib_a-makebuf.o)
 .data          0x0100d370      0x408 f:/quartus/nios2eds/bin/gnu/h-i686-mingw32/bin/../lib/gcc/nios2-elf/4.1.2/../../../../nios2-elf/lib\libc.a(lib_a-mallocr.o)
                0x0100d370                __malloc_av_
 .data          0x0100d778        0x0 f:/quartus/nios2eds/bin/gnu/h-i686-mingw32/bin/../lib/gcc/nios2-elf/4.1.2/../../../../nios2-elf/lib\libc.a(lib_a-memchr.o)
 .data          0x0100d778        0x0 f:/quartus/nios2eds/bin/gnu/h-i686-mingw32/bin/../lib/gcc/nios2-elf/4.1.2/../../../../nios2-elf/lib\libc.a(lib_a-memcpy.o)
 .data          0x0100d778        0x0 f:/quartus/nios2eds/bin/gnu/h-i686-mingw32/bin/../lib/gcc/nios2-elf/4.1.2/../../../../nios2-elf/lib\libc.a(lib_a-memmove.o)
 .data          0x0100d778        0x0 f:/quartus/nios2eds/bin/gnu/h-i686-mingw32/bin/../lib/gcc/nios2-elf/4.1.2/../../../../nios2-elf/lib\libc.a(lib_a-memset.o)
 .data          0x0100d778        0x0 f:/quartus/nios2eds/bin/gnu/h-i686-mingw32/bin/../lib/gcc/nios2-elf/4.1.2/../../../../nios2-elf/lib\libc.a(lib_a-mprec.o)
 .data          0x0100d778        0x0 f:/quartus/nios2eds/bin/gnu/h-i686-mingw32/bin/../lib/gcc/nios2-elf/4.1.2/../../../../nios2-elf/lib\libc.a(lib_a-reallocr.o)
 .data          0x0100d778        0x0 f:/quartus/nios2eds/bin/gnu/h-i686-mingw32/bin/../lib/gcc/nios2-elf/4.1.2/../../../../nios2-elf/lib\libc.a(lib_a-s_isinfd.o)
 .data          0x0100d778        0x0 f:/quartus/nios2eds/bin/gnu/h-i686-mingw32/bin/../lib/gcc/nios2-elf/4.1.2/../../../../nios2-elf/lib\libc.a(lib_a-s_isnand.o)
 .data          0x0100d778        0x0 f:/quartus/nios2eds/bin/gnu/h-i686-mingw32/bin/../lib/gcc/nios2-elf/4.1.2/../../../../nios2-elf/lib\libc.a(lib_a-sbrkr.o)
 .data          0x0100d778        0x0 f:/quartus/nios2eds/bin/gnu/h-i686-mingw32/bin/../lib/gcc/nios2-elf/4.1.2/../../../../nios2-elf/lib\libc.a(lib_a-stdio.o)
 .data          0x0100d778        0x0 f:/quartus/nios2eds/bin/gnu/h-i686-mingw32/bin/../lib/gcc/nios2-elf/4.1.2/../../../../nios2-elf/lib\libc.a(lib_a-strcmp.o)
 .data          0x0100d778        0x0 f:/quartus/nios2eds/bin/gnu/h-i686-mingw32/bin/../lib/gcc/nios2-elf/4.1.2/../../../../nios2-elf/lib\libc.a(lib_a-writer.o)
 .data          0x0100d778        0x0 f:/quartus/nios2eds/bin/gnu/h-i686-mingw32/bin/../lib/gcc/nios2-elf/4.1.2/../../../../nios2-elf/lib\libc.a(lib_a-callocr.o)
 .data          0x0100d778        0x0 f:/quartus/nios2eds/bin/gnu/h-i686-mingw32/bin/../lib/gcc/nios2-elf/4.1.2/../../../../nios2-elf/lib\libc.a(lib_a-closer.o)
 .data          0x0100d778        0x0 f:/quartus/nios2eds/bin/gnu/h-i686-mingw32/bin/../lib/gcc/nios2-elf/4.1.2/../../../../nios2-elf/lib\libc.a(lib_a-fclose.o)
 .data          0x0100d778        0x0 f:/quartus/nios2eds/bin/gnu/h-i686-mingw32/bin/../lib/gcc/nios2-elf/4.1.2/../../../../nios2-elf/lib\libc.a(lib_a-fstatr.o)
 .data          0x0100d778        0x0 f:/quartus/nios2eds/bin/gnu/h-i686-mingw32/bin/../lib/gcc/nios2-elf/4.1.2/../../../../nios2-elf/lib\libc.a(lib_a-int_errno.o)
 .data          0x0100d778        0x0 f:/quartus/nios2eds/bin/gnu/h-i686-mingw32/bin/../lib/gcc/nios2-elf/4.1.2/../../../../nios2-elf/lib\libc.a(lib_a-isattyr.o)
 .data          0x0100d778        0x0 f:/quartus/nios2eds/bin/gnu/h-i686-mingw32/bin/../lib/gcc/nios2-elf/4.1.2/../../../../nios2-elf/lib\libc.a(lib_a-lseekr.o)
 .data          0x0100d778        0x0 f:/quartus/nios2eds/bin/gnu/h-i686-mingw32/bin/../lib/gcc/nios2-elf/4.1.2/../../../../nios2-elf/lib\libc.a(lib_a-readr.o)
 .data          0x0100d778        0x0 f:/quartus/nios2eds/bin/gnu/h-i686-mingw32/bin/../lib/gcc/nios2-elf/4.1.2\libgcc.a(_udivdi3.o)
 .data          0x0100d778        0x0 f:/quartus/nios2eds/bin/gnu/h-i686-mingw32/bin/../lib/gcc/nios2-elf/4.1.2\libgcc.a(_umoddi3.o)
 .data          0x0100d778        0x0 f:/quartus/nios2eds/bin/gnu/h-i686-mingw32/bin/../lib/gcc/nios2-elf/4.1.2\libgcc.a(_addsub_df.o)
 .data          0x0100d778        0x0 f:/quartus/nios2eds/bin/gnu/h-i686-mingw32/bin/../lib/gcc/nios2-elf/4.1.2\libgcc.a(_mul_df.o)
 .data          0x0100d778        0x0 f:/quartus/nios2eds/bin/gnu/h-i686-mingw32/bin/../lib/gcc/nios2-elf/4.1.2\libgcc.a(_div_df.o)
 .data          0x0100d778        0x0 f:/quartus/nios2eds/bin/gnu/h-i686-mingw32/bin/../lib/gcc/nios2-elf/4.1.2\libgcc.a(_eq_df.o)
 .data          0x0100d778        0x0 f:/quartus/nios2eds/bin/gnu/h-i686-mingw32/bin/../lib/gcc/nios2-elf/4.1.2\libgcc.a(_ne_df.o)
 .data          0x0100d778        0x0 f:/quartus/nios2eds/bin/gnu/h-i686-mingw32/bin/../lib/gcc/nios2-elf/4.1.2\libgcc.a(_gt_df.o)
 .data          0x0100d778        0x0 f:/quartus/nios2eds/bin/gnu/h-i686-mingw32/bin/../lib/gcc/nios2-elf/4.1.2\libgcc.a(_ge_df.o)
 .data          0x0100d778        0x0 f:/quartus/nios2eds/bin/gnu/h-i686-mingw32/bin/../lib/gcc/nios2-elf/4.1.2\libgcc.a(_lt_df.o)
 .data          0x0100d778        0x0 f:/quartus/nios2eds/bin/gnu/h-i686-mingw32/bin/../lib/gcc/nios2-elf/4.1.2\libgcc.a(_si_to_df.o)
 .data          0x0100d778        0x0 f:/quartus/nios2eds/bin/gnu/h-i686-mingw32/bin/../lib/gcc/nios2-elf/4.1.2\libgcc.a(_df_to_si.o)
 .data          0x0100d778        0x0 f:/quartus/nios2eds/bin/gnu/h-i686-mingw32/bin/../lib/gcc/nios2-elf/4.1.2\libgcc.a(_thenan_df.o)
 .data          0x0100d778        0x0 f:/quartus/nios2eds/bin/gnu/h-i686-mingw32/bin/../lib/gcc/nios2-elf/4.1.2\libgcc.a(_usi_to_df.o)
 .data          0x0100d778        0x0 f:/quartus/nios2eds/bin/gnu/h-i686-mingw32/bin/../lib/gcc/nios2-elf/4.1.2\libgcc.a(lib2-divmod.o)
 .data          0x0100d778        0x0 f:/quartus/nios2eds/bin/gnu/h-i686-mingw32/bin/../lib/gcc/nios2-elf/4.1.2\libgcc.a(_muldi3.o)
 .data          0x0100d778        0x0 f:/quartus/nios2eds/bin/gnu/h-i686-mingw32/bin/../lib/gcc/nios2-elf/4.1.2\libgcc.a(_clz.o)
 .data          0x0100d778        0x0 f:/quartus/nios2eds/bin/gnu/h-i686-mingw32/bin/../lib/gcc/nios2-elf/4.1.2\libgcc.a(_clzsi2.o)
 .data          0x0100d778        0x0 f:/quartus/nios2eds/bin/gnu/h-i686-mingw32/bin/../lib/gcc/nios2-elf/4.1.2\libgcc.a(_pack_df.o)
 .data          0x0100d778        0x0 f:/quartus/nios2eds/bin/gnu/h-i686-mingw32/bin/../lib/gcc/nios2-elf/4.1.2\libgcc.a(_unpack_df.o)
 .data          0x0100d778        0x0 f:/quartus/nios2eds/bin/gnu/h-i686-mingw32/bin/../lib/gcc/nios2-elf/4.1.2\libgcc.a(_fpcmp_parts_df.o)
 .data          0x0100d778        0x0 ../classifierTest_bsp/\libhal_bsp.a(alt_close.o)
 .data          0x0100d778      0x1a8 ../classifierTest_bsp/\libhal_bsp.a(alt_dev.o)
                0x0100d778                alt_dev_null
                0x0100d7a0                alt_fd_list
 .data          0x0100d920        0x0 ../classifierTest_bsp/\libhal_bsp.a(alt_errno.o)
 .data          0x0100d920        0x0 ../classifierTest_bsp/\libhal_bsp.a(alt_fstat.o)
 .data          0x0100d920        0x0 ../classifierTest_bsp/\libhal_bsp.a(alt_isatty.o)
 .data          0x0100d920        0x0 ../classifierTest_bsp/\libhal_bsp.a(alt_load.o)
 .data          0x0100d920        0x0 ../classifierTest_bsp/\libhal_bsp.a(alt_lseek.o)
 .data          0x0100d920        0x0 ../classifierTest_bsp/\libhal_bsp.a(alt_main.o)
 .data          0x0100d920        0x0 ../classifierTest_bsp/\libhal_bsp.a(alt_malloc_lock.o)
 .data          0x0100d920        0x0 ../classifierTest_bsp/\libhal_bsp.a(alt_read.o)
 .data          0x0100d920        0x0 ../classifierTest_bsp/\libhal_bsp.a(alt_release_fd.o)
 .data          0x0100d920        0x0 ../classifierTest_bsp/\libhal_bsp.a(alt_sbrk.o)
 .data          0x0100d920        0x0 ../classifierTest_bsp/\libhal_bsp.a(alt_write.o)
 .data          0x0100d920     0x10e8 ../classifierTest_bsp/\libhal_bsp.a(alt_sys_init.o)
 .data          0x0100ea08        0x0 ../classifierTest_bsp/\libhal_bsp.a(altera_avalon_jtag_uart_fd.o)
 .data          0x0100ea08        0x0 ../classifierTest_bsp/\libhal_bsp.a(altera_avalon_jtag_uart_init.o)
 .data          0x0100ea08        0x0 ../classifierTest_bsp/\libhal_bsp.a(altera_avalon_jtag_uart_ioctl.o)
 .data          0x0100ea08        0x0 ../classifierTest_bsp/\libhal_bsp.a(altera_avalon_jtag_uart_read.o)
 .data          0x0100ea08        0x0 ../classifierTest_bsp/\libhal_bsp.a(altera_avalon_jtag_uart_write.o)
 .data          0x0100ea08        0x0 ../classifierTest_bsp/\libhal_bsp.a(altera_avalon_timer_sc.o)
 .data          0x0100ea08        0x0 ../classifierTest_bsp/\libhal_bsp.a(altera_up_avalon_character_lcd.o)
 .data          0x0100ea08        0x0 ../classifierTest_bsp/\libhal_bsp.a(alt_alarm_start.o)
 .data          0x0100ea08        0x0 ../classifierTest_bsp/\libhal_bsp.a(alt_dcache_flush_all.o)
 .data          0x0100ea08        0x0 ../classifierTest_bsp/\libhal_bsp.a(alt_dev_llist_insert.o)
 .data          0x0100ea08        0x0 ../classifierTest_bsp/\libhal_bsp.a(alt_do_ctors.o)
 .data          0x0100ea08        0x0 ../classifierTest_bsp/\libhal_bsp.a(alt_do_dtors.o)
 .data          0x0100ea08        0x0 ../classifierTest_bsp/\libhal_bsp.a(alt_find_dev.o)
 .data          0x0100ea08        0x0 ../classifierTest_bsp/\libhal_bsp.a(alt_icache_flush_all.o)
 .data          0x0100ea08        0x0 ../classifierTest_bsp/\libhal_bsp.a(alt_io_redirect.o)
 .data          0x0100ea08        0x0 ../classifierTest_bsp/\libhal_bsp.a(alt_irq_register.o)
 .data          0x0100ea08        0x0 ../classifierTest_bsp/\libhal_bsp.a(alt_irq_vars.o)
 .data          0x0100ea08        0x0 ../classifierTest_bsp/\libhal_bsp.a(alt_open.o)
 .data          0x0100ea08        0x0 ../classifierTest_bsp/\libhal_bsp.a(alt_tick.o)
 .data          0x0100ea08        0x0 ../classifierTest_bsp/\libhal_bsp.a(altera_nios2_qsys_irq.o)
 .data          0x0100ea08        0x0 ../classifierTest_bsp/\libhal_bsp.a(alt_find_file.o)
 .data          0x0100ea08        0x0 ../classifierTest_bsp/\libhal_bsp.a(alt_get_fd.o)
 .data          0x0100ea08        0x0 ../classifierTest_bsp/\libhal_bsp.a(alt_icache_flush.o)
 .data          0x0100ea08        0x0 ../classifierTest_bsp/\libhal_bsp.a(alt_irq_entry.o)
 .data          0x0100ea08        0x0 ../classifierTest_bsp/\libhal_bsp.a(alt_irq_handler.o)
 .data          0x0100ea08        0x0 ../classifierTest_bsp/\libhal_bsp.a(alt_exception_entry.o)
 .data          0x0100ea08        0x0 f:/quartus/nios2eds/bin/gnu/h-i686-mingw32/bin/../lib/gcc/nios2-elf/4.1.2/../../../../nios2-elf/lib\libc.a(lib_a-atexit.o)
 .data          0x0100ea08        0x0 f:/quartus/nios2eds/bin/gnu/h-i686-mingw32/bin/../lib/gcc/nios2-elf/4.1.2/../../../../nios2-elf/lib\libc.a(lib_a-exit.o)
 .data          0x0100ea08        0x0 f:/quartus/nios2eds/bin/gnu/h-i686-mingw32/bin/../lib/gcc/nios2-elf/4.1.2/../../../../nios2-elf/lib\libc.a(lib_a-memcmp.o)
 .data          0x0100ea08        0x0 f:/quartus/nios2eds/bin/gnu/h-i686-mingw32/bin/../lib/gcc/nios2-elf/4.1.2/../../../../nios2-elf/lib\libc.a(lib_a-__atexit.o)
 .data          0x0100ea08        0x0 f:/quartus/nios2eds/bin/gnu/h-i686-mingw32/bin/../lib/gcc/nios2-elf/4.1.2/../../../../nios2-elf/lib\libc.a(lib_a-__call_atexit.o)
 .data          0x0100ea08        0x0 ../classifierTest_bsp/\libhal_bsp.a(alt_exit.o)
                0x01016a08                _gp = ABSOLUTE ((. + 0x8000))
                0x01016a08                PROVIDE (gp, _gp)
 *(.rwdata .rwdata.*)
 *(.sdata .sdata.* .gnu.linkonce.s.*)
 .sdata         0x0100ea08        0x8 f:/quartus/nios2eds/bin/gnu/h-i686-mingw32/bin/../lib/gcc/nios2-elf/4.1.2/../../../../nios2-elf/lib\libc.a(lib_a-impure.o)
                0x0100ea08                _impure_ptr
                0x0100ea0c                _global_impure_ptr
 .sdata         0x0100ea10        0x8 f:/quartus/nios2eds/bin/gnu/h-i686-mingw32/bin/../lib/gcc/nios2-elf/4.1.2/../../../../nios2-elf/lib\libc.a(lib_a-locale.o)
                0x0100ea10                __mb_cur_max
 .sdata         0x0100ea18        0x8 f:/quartus/nios2eds/bin/gnu/h-i686-mingw32/bin/../lib/gcc/nios2-elf/4.1.2/../../../../nios2-elf/lib\libc.a(lib_a-mallocr.o)
                0x0100ea18                __malloc_trim_threshold
                0x0100ea1c                __malloc_sbrk_base
 .sdata         0x0100ea20       0x14 ../classifierTest_bsp/\libhal_bsp.a(alt_dev.o)
                0x0100ea20                alt_fs_list
                0x0100ea28                alt_dev_list
                0x0100ea30                alt_max_fd
 .sdata         0x0100ea34        0x4 ../classifierTest_bsp/\libhal_bsp.a(alt_errno.o)
                0x0100ea34                alt_errno
 .sdata         0x0100ea38        0x4 ../classifierTest_bsp/\libhal_bsp.a(alt_sbrk.o)
 .sdata         0x0100ea3c        0x4 ../classifierTest_bsp/\libhal_bsp.a(alt_irq_vars.o)
                0x0100ea3c                alt_priority_mask
 .sdata         0x0100ea40        0x8 ../classifierTest_bsp/\libhal_bsp.a(alt_tick.o)
                0x0100ea40                alt_alarm_list
 *(.sdata2 .sdata2.* .gnu.linkonce.s2.*)
                0x0100ea48                . = ALIGN (0x4)
                0x0100ea48                _edata = ABSOLUTE (.)
                0x0100ea48                PROVIDE (edata, ABSOLUTE (.))
                0x0100ea48                PROVIDE (__ram_rwdata_end, ABSOLUTE (.))
                0x0100ea48                PROVIDE (__flash_rwdata_start, LOADADDR (.rwdata))

.bss            0x0101052c      0x2ec
                0x0101052c                __bss_start = ABSOLUTE (.)
                0x0101052c                PROVIDE (__sbss_start, ABSOLUTE (.))
                0x0101052c                PROVIDE (___sbss_start, ABSOLUTE (.))
 *(.dynsbss)
 *(.sbss .sbss.* .gnu.linkonce.sb.*)
 .sbss          0x0101052c        0xc f:/quartus/nios2eds/bin/gnu/h-i686-mingw32/bin/../lib/gcc/nios2-elf/4.1.2/../../../../nios2-elf/lib\libc.a(lib_a-locale.o)
                0x0101052c                __nlocale_changed
                0x01010530                __mlocale_changed
                0x01010534                _PathLocale
 .sbss          0x01010538        0xc f:/quartus/nios2eds/bin/gnu/h-i686-mingw32/bin/../lib/gcc/nios2-elf/4.1.2/../../../../nios2-elf/lib\libc.a(lib_a-mallocr.o)
                0x01010538                __malloc_top_pad
                0x0101053c                __malloc_max_sbrked_mem
                0x01010540                __malloc_max_total_mem
 .sbss          0x01010544        0x4 f:/quartus/nios2eds/bin/gnu/h-i686-mingw32/bin/../lib/gcc/nios2-elf/4.1.2/../../../../nios2-elf/lib\libc.a(lib_a-int_errno.o)
                0x01010544                errno
 .sbss          0x01010548        0xc ../classifierTest_bsp/\libhal_bsp.a(alt_main.o)
                0x01010548                alt_argc
                0x0101054c                alt_argv
                0x01010550                alt_envp
 .sbss          0x01010554        0x4 ../classifierTest_bsp/\libhal_bsp.a(alt_irq_vars.o)
                0x01010554                alt_irq_active
 .sbss          0x01010558        0x8 ../classifierTest_bsp/\libhal_bsp.a(alt_tick.o)
                0x01010558                _alt_tick_rate
                0x0101055c                _alt_nticks
 *(.sbss2 .sbss2.* .gnu.linkonce.sb2.*)
 *(.scommon)
                0x01010560                PROVIDE (__sbss_end, ABSOLUTE (.))
                0x01010560                PROVIDE (___sbss_end, ABSOLUTE (.))
 *(.dynbss)
 *(.bss .bss.* .gnu.linkonce.b.*)
 .bss           0x01010560        0x0 ../classifierTest_bsp//obj/HAL/src/crt0.o
 .bss           0x01010560        0x0 obj/default/classifier_core.o
 .bss           0x01010560        0x0 f:/quartus/nios2eds/bin/gnu/h-i686-mingw32/bin/../lib/gcc/nios2-elf/4.1.2/../../../../nios2-elf/lib\libc.a(lib_a-printf.o)
 .bss           0x01010560        0x0 f:/quartus/nios2eds/bin/gnu/h-i686-mingw32/bin/../lib/gcc/nios2-elf/4.1.2/../../../../nios2-elf/lib\libc.a(lib_a-puts.o)
 .bss           0x01010560        0x0 f:/quartus/nios2eds/bin/gnu/h-i686-mingw32/bin/../lib/gcc/nios2-elf/4.1.2/../../../../nios2-elf/lib\libc.a(lib_a-strlen.o)
 .bss           0x01010560        0x0 f:/quartus/nios2eds/bin/gnu/h-i686-mingw32/bin/../lib/gcc/nios2-elf/4.1.2/../../../../nios2-elf/lib\libc.a(lib_a-vfprintf.o)
 .bss           0x01010560        0x0 f:/quartus/nios2eds/bin/gnu/h-i686-mingw32/bin/../lib/gcc/nios2-elf/4.1.2/../../../../nios2-elf/lib\libc.a(lib_a-wsetup.o)
 .bss           0x01010560        0x0 f:/quartus/nios2eds/bin/gnu/h-i686-mingw32/bin/../lib/gcc/nios2-elf/4.1.2/../../../../nios2-elf/lib\libc.a(lib_a-dtoa.o)
 .bss           0x01010560        0x0 f:/quartus/nios2eds/bin/gnu/h-i686-mingw32/bin/../lib/gcc/nios2-elf/4.1.2/../../../../nios2-elf/lib\libc.a(lib_a-fflush.o)
 .bss           0x01010560        0x0 f:/quartus/nios2eds/bin/gnu/h-i686-mingw32/bin/../lib/gcc/nios2-elf/4.1.2/../../../../nios2-elf/lib\libc.a(lib_a-findfp.o)
 .bss           0x01010560        0x0 f:/quartus/nios2eds/bin/gnu/h-i686-mingw32/bin/../lib/gcc/nios2-elf/4.1.2/../../../../nios2-elf/lib\libc.a(lib_a-freer.o)
 .bss           0x01010560        0x0 f:/quartus/nios2eds/bin/gnu/h-i686-mingw32/bin/../lib/gcc/nios2-elf/4.1.2/../../../../nios2-elf/lib\libc.a(lib_a-fvwrite.o)
 .bss           0x01010560        0x0 f:/quartus/nios2eds/bin/gnu/h-i686-mingw32/bin/../lib/gcc/nios2-elf/4.1.2/../../../../nios2-elf/lib\libc.a(lib_a-fwalk.o)
 .bss           0x01010560        0x0 f:/quartus/nios2eds/bin/gnu/h-i686-mingw32/bin/../lib/gcc/nios2-elf/4.1.2/../../../../nios2-elf/lib\libc.a(lib_a-impure.o)
 .bss           0x01010560        0x0 f:/quartus/nios2eds/bin/gnu/h-i686-mingw32/bin/../lib/gcc/nios2-elf/4.1.2/../../../../nios2-elf/lib\libc.a(lib_a-locale.o)
 .bss           0x01010560        0x0 f:/quartus/nios2eds/bin/gnu/h-i686-mingw32/bin/../lib/gcc/nios2-elf/4.1.2/../../../../nios2-elf/lib\libc.a(lib_a-makebuf.o)
 .bss           0x01010560       0x28 f:/quartus/nios2eds/bin/gnu/h-i686-mingw32/bin/../lib/gcc/nios2-elf/4.1.2/../../../../nios2-elf/lib\libc.a(lib_a-mallocr.o)
                0x01010560                __malloc_current_mallinfo
 .bss           0x01010588        0x0 f:/quartus/nios2eds/bin/gnu/h-i686-mingw32/bin/../lib/gcc/nios2-elf/4.1.2/../../../../nios2-elf/lib\libc.a(lib_a-memchr.o)
 .bss           0x01010588        0x0 f:/quartus/nios2eds/bin/gnu/h-i686-mingw32/bin/../lib/gcc/nios2-elf/4.1.2/../../../../nios2-elf/lib\libc.a(lib_a-memcpy.o)
 .bss           0x01010588        0x0 f:/quartus/nios2eds/bin/gnu/h-i686-mingw32/bin/../lib/gcc/nios2-elf/4.1.2/../../../../nios2-elf/lib\libc.a(lib_a-memmove.o)
 .bss           0x01010588        0x0 f:/quartus/nios2eds/bin/gnu/h-i686-mingw32/bin/../lib/gcc/nios2-elf/4.1.2/../../../../nios2-elf/lib\libc.a(lib_a-memset.o)
 .bss           0x01010588        0x0 f:/quartus/nios2eds/bin/gnu/h-i686-mingw32/bin/../lib/gcc/nios2-elf/4.1.2/../../../../nios2-elf/lib\libc.a(lib_a-mprec.o)
 .bss           0x01010588        0x0 f:/quartus/nios2eds/bin/gnu/h-i686-mingw32/bin/../lib/gcc/nios2-elf/4.1.2/../../../../nios2-elf/lib\libc.a(lib_a-reallocr.o)
 .bss           0x01010588        0x0 f:/quartus/nios2eds/bin/gnu/h-i686-mingw32/bin/../lib/gcc/nios2-elf/4.1.2/../../../../nios2-elf/lib\libc.a(lib_a-s_isinfd.o)
 .bss           0x01010588        0x0 f:/quartus/nios2eds/bin/gnu/h-i686-mingw32/bin/../lib/gcc/nios2-elf/4.1.2/../../../../nios2-elf/lib\libc.a(lib_a-s_isnand.o)
 .bss           0x01010588        0x0 f:/quartus/nios2eds/bin/gnu/h-i686-mingw32/bin/../lib/gcc/nios2-elf/4.1.2/../../../../nios2-elf/lib\libc.a(lib_a-sbrkr.o)
 .bss           0x01010588        0x0 f:/quartus/nios2eds/bin/gnu/h-i686-mingw32/bin/../lib/gcc/nios2-elf/4.1.2/../../../../nios2-elf/lib\libc.a(lib_a-stdio.o)
 .bss           0x01010588        0x0 f:/quartus/nios2eds/bin/gnu/h-i686-mingw32/bin/../lib/gcc/nios2-elf/4.1.2/../../../../nios2-elf/lib\libc.a(lib_a-strcmp.o)
 .bss           0x01010588        0x0 f:/quartus/nios2eds/bin/gnu/h-i686-mingw32/bin/../lib/gcc/nios2-elf/4.1.2/../../../../nios2-elf/lib\libc.a(lib_a-writer.o)
 .bss           0x01010588        0x0 f:/quartus/nios2eds/bin/gnu/h-i686-mingw32/bin/../lib/gcc/nios2-elf/4.1.2/../../../../nios2-elf/lib\libc.a(lib_a-callocr.o)
 .bss           0x01010588        0x0 f:/quartus/nios2eds/bin/gnu/h-i686-mingw32/bin/../lib/gcc/nios2-elf/4.1.2/../../../../nios2-elf/lib\libc.a(lib_a-closer.o)
 .bss           0x01010588        0x0 f:/quartus/nios2eds/bin/gnu/h-i686-mingw32/bin/../lib/gcc/nios2-elf/4.1.2/../../../../nios2-elf/lib\libc.a(lib_a-fclose.o)
 .bss           0x01010588        0x0 f:/quartus/nios2eds/bin/gnu/h-i686-mingw32/bin/../lib/gcc/nios2-elf/4.1.2/../../../../nios2-elf/lib\libc.a(lib_a-fstatr.o)
 .bss           0x01010588        0x0 f:/quartus/nios2eds/bin/gnu/h-i686-mingw32/bin/../lib/gcc/nios2-elf/4.1.2/../../../../nios2-elf/lib\libc.a(lib_a-int_errno.o)
 .bss           0x01010588        0x0 f:/quartus/nios2eds/bin/gnu/h-i686-mingw32/bin/../lib/gcc/nios2-elf/4.1.2/../../../../nios2-elf/lib\libc.a(lib_a-isattyr.o)
 .bss           0x01010588        0x0 f:/quartus/nios2eds/bin/gnu/h-i686-mingw32/bin/../lib/gcc/nios2-elf/4.1.2/../../../../nios2-elf/lib\libc.a(lib_a-lseekr.o)
 .bss           0x01010588        0x0 f:/quartus/nios2eds/bin/gnu/h-i686-mingw32/bin/../lib/gcc/nios2-elf/4.1.2/../../../../nios2-elf/lib\libc.a(lib_a-readr.o)
 .bss           0x01010588        0x0 f:/quartus/nios2eds/bin/gnu/h-i686-mingw32/bin/../lib/gcc/nios2-elf/4.1.2\libgcc.a(_udivdi3.o)
 .bss           0x01010588        0x0 f:/quartus/nios2eds/bin/gnu/h-i686-mingw32/bin/../lib/gcc/nios2-elf/4.1.2\libgcc.a(_umoddi3.o)
 .bss           0x01010588        0x0 f:/quartus/nios2eds/bin/gnu/h-i686-mingw32/bin/../lib/gcc/nios2-elf/4.1.2\libgcc.a(_addsub_df.o)
 .bss           0x01010588        0x0 f:/quartus/nios2eds/bin/gnu/h-i686-mingw32/bin/../lib/gcc/nios2-elf/4.1.2\libgcc.a(_mul_df.o)
 .bss           0x01010588        0x0 f:/quartus/nios2eds/bin/gnu/h-i686-mingw32/bin/../lib/gcc/nios2-elf/4.1.2\libgcc.a(_div_df.o)
 .bss           0x01010588        0x0 f:/quartus/nios2eds/bin/gnu/h-i686-mingw32/bin/../lib/gcc/nios2-elf/4.1.2\libgcc.a(_eq_df.o)
 .bss           0x01010588        0x0 f:/quartus/nios2eds/bin/gnu/h-i686-mingw32/bin/../lib/gcc/nios2-elf/4.1.2\libgcc.a(_ne_df.o)
 .bss           0x01010588        0x0 f:/quartus/nios2eds/bin/gnu/h-i686-mingw32/bin/../lib/gcc/nios2-elf/4.1.2\libgcc.a(_gt_df.o)
 .bss           0x01010588        0x0 f:/quartus/nios2eds/bin/gnu/h-i686-mingw32/bin/../lib/gcc/nios2-elf/4.1.2\libgcc.a(_ge_df.o)
 .bss           0x01010588        0x0 f:/quartus/nios2eds/bin/gnu/h-i686-mingw32/bin/../lib/gcc/nios2-elf/4.1.2\libgcc.a(_lt_df.o)
 .bss           0x01010588        0x0 f:/quartus/nios2eds/bin/gnu/h-i686-mingw32/bin/../lib/gcc/nios2-elf/4.1.2\libgcc.a(_si_to_df.o)
 .bss           0x01010588        0x0 f:/quartus/nios2eds/bin/gnu/h-i686-mingw32/bin/../lib/gcc/nios2-elf/4.1.2\libgcc.a(_df_to_si.o)
 .bss           0x01010588        0x0 f:/quartus/nios2eds/bin/gnu/h-i686-mingw32/bin/../lib/gcc/nios2-elf/4.1.2\libgcc.a(_thenan_df.o)
 .bss           0x01010588        0x0 f:/quartus/nios2eds/bin/gnu/h-i686-mingw32/bin/../lib/gcc/nios2-elf/4.1.2\libgcc.a(_usi_to_df.o)
 .bss           0x01010588        0x0 f:/quartus/nios2eds/bin/gnu/h-i686-mingw32/bin/../lib/gcc/nios2-elf/4.1.2\libgcc.a(lib2-divmod.o)
 .bss           0x01010588        0x0 f:/quartus/nios2eds/bin/gnu/h-i686-mingw32/bin/../lib/gcc/nios2-elf/4.1.2\libgcc.a(_muldi3.o)
 .bss           0x01010588        0x0 f:/quartus/nios2eds/bin/gnu/h-i686-mingw32/bin/../lib/gcc/nios2-elf/4.1.2\libgcc.a(_clz.o)
 .bss           0x01010588        0x0 f:/quartus/nios2eds/bin/gnu/h-i686-mingw32/bin/../lib/gcc/nios2-elf/4.1.2\libgcc.a(_clzsi2.o)
 .bss           0x01010588        0x0 f:/quartus/nios2eds/bin/gnu/h-i686-mingw32/bin/../lib/gcc/nios2-elf/4.1.2\libgcc.a(_pack_df.o)
 .bss           0x01010588        0x0 f:/quartus/nios2eds/bin/gnu/h-i686-mingw32/bin/../lib/gcc/nios2-elf/4.1.2\libgcc.a(_unpack_df.o)
 .bss           0x01010588        0x0 f:/quartus/nios2eds/bin/gnu/h-i686-mingw32/bin/../lib/gcc/nios2-elf/4.1.2\libgcc.a(_fpcmp_parts_df.o)
 .bss           0x01010588        0x0 ../classifierTest_bsp/\libhal_bsp.a(alt_close.o)
 .bss           0x01010588        0x0 ../classifierTest_bsp/\libhal_bsp.a(alt_dev.o)
 .bss           0x01010588        0x0 ../classifierTest_bsp/\libhal_bsp.a(alt_errno.o)
 .bss           0x01010588        0x0 ../classifierTest_bsp/\libhal_bsp.a(alt_fstat.o)
 .bss           0x01010588        0x0 ../classifierTest_bsp/\libhal_bsp.a(alt_isatty.o)
 .bss           0x01010588        0x0 ../classifierTest_bsp/\libhal_bsp.a(alt_load.o)
 .bss           0x01010588        0x0 ../classifierTest_bsp/\libhal_bsp.a(alt_lseek.o)
 .bss           0x01010588        0x0 ../classifierTest_bsp/\libhal_bsp.a(alt_main.o)
 .bss           0x01010588        0x0 ../classifierTest_bsp/\libhal_bsp.a(alt_malloc_lock.o)
 .bss           0x01010588        0x0 ../classifierTest_bsp/\libhal_bsp.a(alt_read.o)
 .bss           0x01010588        0x0 ../classifierTest_bsp/\libhal_bsp.a(alt_release_fd.o)
 .bss           0x01010588        0x0 ../classifierTest_bsp/\libhal_bsp.a(alt_sbrk.o)
 .bss           0x01010588        0x0 ../classifierTest_bsp/\libhal_bsp.a(alt_write.o)
 .bss           0x01010588        0x0 ../classifierTest_bsp/\libhal_bsp.a(alt_sys_init.o)
 .bss           0x01010588        0x0 ../classifierTest_bsp/\libhal_bsp.a(altera_avalon_jtag_uart_fd.o)
 .bss           0x01010588        0x0 ../classifierTest_bsp/\libhal_bsp.a(altera_avalon_jtag_uart_init.o)
 .bss           0x01010588        0x0 ../classifierTest_bsp/\libhal_bsp.a(altera_avalon_jtag_uart_ioctl.o)
 .bss           0x01010588        0x0 ../classifierTest_bsp/\libhal_bsp.a(altera_avalon_jtag_uart_read.o)
 .bss           0x01010588        0x0 ../classifierTest_bsp/\libhal_bsp.a(altera_avalon_jtag_uart_write.o)
 .bss           0x01010588        0x0 ../classifierTest_bsp/\libhal_bsp.a(altera_avalon_timer_sc.o)
 .bss           0x01010588        0x0 ../classifierTest_bsp/\libhal_bsp.a(altera_up_avalon_character_lcd.o)
 .bss           0x01010588        0x0 ../classifierTest_bsp/\libhal_bsp.a(alt_alarm_start.o)
 .bss           0x01010588        0x0 ../classifierTest_bsp/\libhal_bsp.a(alt_dcache_flush_all.o)
 .bss           0x01010588        0x0 ../classifierTest_bsp/\libhal_bsp.a(alt_dev_llist_insert.o)
 .bss           0x01010588        0x0 ../classifierTest_bsp/\libhal_bsp.a(alt_do_ctors.o)
 .bss           0x01010588        0x0 ../classifierTest_bsp/\libhal_bsp.a(alt_do_dtors.o)
 .bss           0x01010588        0x0 ../classifierTest_bsp/\libhal_bsp.a(alt_find_dev.o)
 .bss           0x01010588        0x0 ../classifierTest_bsp/\libhal_bsp.a(alt_icache_flush_all.o)
 .bss           0x01010588        0x0 ../classifierTest_bsp/\libhal_bsp.a(alt_io_redirect.o)
 .bss           0x01010588        0x0 ../classifierTest_bsp/\libhal_bsp.a(alt_irq_register.o)
 .bss           0x01010588        0x0 ../classifierTest_bsp/\libhal_bsp.a(alt_irq_vars.o)
 .bss           0x01010588        0x0 ../classifierTest_bsp/\libhal_bsp.a(alt_open.o)
 .bss           0x01010588        0x0 ../classifierTest_bsp/\libhal_bsp.a(alt_tick.o)
 .bss           0x01010588        0x0 ../classifierTest_bsp/\libhal_bsp.a(altera_nios2_qsys_irq.o)
 .bss           0x01010588        0x0 ../classifierTest_bsp/\libhal_bsp.a(alt_find_file.o)
 .bss           0x01010588        0x0 ../classifierTest_bsp/\libhal_bsp.a(alt_get_fd.o)
 .bss           0x01010588        0x0 ../classifierTest_bsp/\libhal_bsp.a(alt_icache_flush.o)
 .bss           0x01010588        0x0 ../classifierTest_bsp/\libhal_bsp.a(alt_irq_entry.o)
 .bss           0x01010588        0x0 ../classifierTest_bsp/\libhal_bsp.a(alt_irq_handler.o)
 .bss           0x01010588        0x0 ../classifierTest_bsp/\libhal_bsp.a(alt_exception_entry.o)
 .bss           0x01010588        0x0 f:/quartus/nios2eds/bin/gnu/h-i686-mingw32/bin/../lib/gcc/nios2-elf/4.1.2/../../../../nios2-elf/lib\libc.a(lib_a-atexit.o)
 .bss           0x01010588        0x0 f:/quartus/nios2eds/bin/gnu/h-i686-mingw32/bin/../lib/gcc/nios2-elf/4.1.2/../../../../nios2-elf/lib\libc.a(lib_a-exit.o)
 .bss           0x01010588        0x0 f:/quartus/nios2eds/bin/gnu/h-i686-mingw32/bin/../lib/gcc/nios2-elf/4.1.2/../../../../nios2-elf/lib\libc.a(lib_a-memcmp.o)
 .bss           0x01010588        0x0 f:/quartus/nios2eds/bin/gnu/h-i686-mingw32/bin/../lib/gcc/nios2-elf/4.1.2/../../../../nios2-elf/lib\libc.a(lib_a-__atexit.o)
 .bss           0x01010588        0x0 f:/quartus/nios2eds/bin/gnu/h-i686-mingw32/bin/../lib/gcc/nios2-elf/4.1.2/../../../../nios2-elf/lib\libc.a(lib_a-__call_atexit.o)
 .bss           0x01010588        0x0 ../classifierTest_bsp/\libhal_bsp.a(alt_exit.o)
 *(COMMON)
 COMMON         0x01010588      0x100 ../classifierTest_bsp/\libhal_bsp.a(alt_irq_handler.o)
                0x01010588                alt_irq
 COMMON         0x01010688      0x190 f:/quartus/nios2eds/bin/gnu/h-i686-mingw32/bin/../lib/gcc/nios2-elf/4.1.2/../../../../nios2-elf/lib\libc.a(lib_a-atexit.o)
                0x01010688                _atexit0
                0x01010818                . = ALIGN (0x4)
                0x01010818                __bss_end = ABSOLUTE (.)

.onchip_memory2_0
                0x00000000        0x0 load address 0x01010818
                0x00000000                PROVIDE (_alt_partition_onchip_memory2_0_start, ABSOLUTE (.))
 *(.onchip_memory2_0. onchip_memory2_0.*)
                0x00000000                . = ALIGN (0x4)
                0x00000000                PROVIDE (_alt_partition_onchip_memory2_0_end, ABSOLUTE (.))
                0x01010818                PROVIDE (_alt_partition_onchip_memory2_0_load_addr, LOADADDR (.onchip_memory2_0))

.sdram          0x01010818        0x0
                0x01010818                PROVIDE (_alt_partition_sdram_start, ABSOLUTE (.))
 *(.sdram. sdram.*)
                0x01010818                . = ALIGN (0x4)
                0x01010818                PROVIDE (_alt_partition_sdram_end, ABSOLUTE (.))
                0x01010818                _end = ABSOLUTE (.)
                0x01010818                end = ABSOLUTE (.)
                0x01010818                __alt_stack_base = ABSOLUTE (.)
                0x01010818                PROVIDE (_alt_partition_sdram_load_addr, LOADADDR (.sdram))

.stab
 *(.stab)

.stabstr
 *(.stabstr)

.stab.excl
 *(.stab.excl)

.stab.exclstr
 *(.stab.exclstr)

.stab.index
 *(.stab.index)

.stab.indexstr
 *(.stab.indexstr)

.comment        0x00000000       0x26
 *(.comment)
 .comment       0x00000000       0x26 obj/default/classifier_core.o
                                 0x27 (size before relaxing)
 .comment       0x00000000       0x27 f:/quartus/nios2eds/bin/gnu/h-i686-mingw32/bin/../lib/gcc/nios2-elf/4.1.2/../../../../nios2-elf/lib\libc.a(lib_a-printf.o)
 .comment       0x00000000       0x27 f:/quartus/nios2eds/bin/gnu/h-i686-mingw32/bin/../lib/gcc/nios2-elf/4.1.2/../../../../nios2-elf/lib\libc.a(lib_a-puts.o)
 .comment       0x00000000       0x27 f:/quartus/nios2eds/bin/gnu/h-i686-mingw32/bin/../lib/gcc/nios2-elf/4.1.2/../../../../nios2-elf/lib\libc.a(lib_a-strlen.o)
 .comment       0x00000000       0x27 f:/quartus/nios2eds/bin/gnu/h-i686-mingw32/bin/../lib/gcc/nios2-elf/4.1.2/../../../../nios2-elf/lib\libc.a(lib_a-vfprintf.o)
 .comment       0x00000000       0x27 f:/quartus/nios2eds/bin/gnu/h-i686-mingw32/bin/../lib/gcc/nios2-elf/4.1.2/../../../../nios2-elf/lib\libc.a(lib_a-wsetup.o)
 .comment       0x00000000       0x27 f:/quartus/nios2eds/bin/gnu/h-i686-mingw32/bin/../lib/gcc/nios2-elf/4.1.2/../../../../nios2-elf/lib\libc.a(lib_a-dtoa.o)
 .comment       0x00000000       0x27 f:/quartus/nios2eds/bin/gnu/h-i686-mingw32/bin/../lib/gcc/nios2-elf/4.1.2/../../../../nios2-elf/lib\libc.a(lib_a-fflush.o)
 .comment       0x00000000       0x27 f:/quartus/nios2eds/bin/gnu/h-i686-mingw32/bin/../lib/gcc/nios2-elf/4.1.2/../../../../nios2-elf/lib\libc.a(lib_a-findfp.o)
 .comment       0x00000000       0x27 f:/quartus/nios2eds/bin/gnu/h-i686-mingw32/bin/../lib/gcc/nios2-elf/4.1.2/../../../../nios2-elf/lib\libc.a(lib_a-freer.o)
 .comment       0x00000000       0x27 f:/quartus/nios2eds/bin/gnu/h-i686-mingw32/bin/../lib/gcc/nios2-elf/4.1.2/../../../../nios2-elf/lib\libc.a(lib_a-fvwrite.o)
 .comment       0x00000000       0x27 f:/quartus/nios2eds/bin/gnu/h-i686-mingw32/bin/../lib/gcc/nios2-elf/4.1.2/../../../../nios2-elf/lib\libc.a(lib_a-fwalk.o)
 .comment       0x00000000       0x27 f:/quartus/nios2eds/bin/gnu/h-i686-mingw32/bin/../lib/gcc/nios2-elf/4.1.2/../../../../nios2-elf/lib\libc.a(lib_a-impure.o)
 .comment       0x00000000       0x27 f:/quartus/nios2eds/bin/gnu/h-i686-mingw32/bin/../lib/gcc/nios2-elf/4.1.2/../../../../nios2-elf/lib\libc.a(lib_a-locale.o)
 .comment       0x00000000       0x27 f:/quartus/nios2eds/bin/gnu/h-i686-mingw32/bin/../lib/gcc/nios2-elf/4.1.2/../../../../nios2-elf/lib\libc.a(lib_a-makebuf.o)
 .comment       0x00000000       0x27 f:/quartus/nios2eds/bin/gnu/h-i686-mingw32/bin/../lib/gcc/nios2-elf/4.1.2/../../../../nios2-elf/lib\libc.a(lib_a-mallocr.o)
 .comment       0x00000000       0x27 f:/quartus/nios2eds/bin/gnu/h-i686-mingw32/bin/../lib/gcc/nios2-elf/4.1.2/../../../../nios2-elf/lib\libc.a(lib_a-memchr.o)
 .comment       0x00000000       0x27 f:/quartus/nios2eds/bin/gnu/h-i686-mingw32/bin/../lib/gcc/nios2-elf/4.1.2/../../../../nios2-elf/lib\libc.a(lib_a-memcpy.o)
 .comment       0x00000000       0x27 f:/quartus/nios2eds/bin/gnu/h-i686-mingw32/bin/../lib/gcc/nios2-elf/4.1.2/../../../../nios2-elf/lib\libc.a(lib_a-memmove.o)
 .comment       0x00000000       0x27 f:/quartus/nios2eds/bin/gnu/h-i686-mingw32/bin/../lib/gcc/nios2-elf/4.1.2/../../../../nios2-elf/lib\libc.a(lib_a-memset.o)
 .comment       0x00000000       0x27 f:/quartus/nios2eds/bin/gnu/h-i686-mingw32/bin/../lib/gcc/nios2-elf/4.1.2/../../../../nios2-elf/lib\libc.a(lib_a-mprec.o)
 .comment       0x00000000       0x27 f:/quartus/nios2eds/bin/gnu/h-i686-mingw32/bin/../lib/gcc/nios2-elf/4.1.2/../../../../nios2-elf/lib\libc.a(lib_a-reallocr.o)
 .comment       0x00000000       0x27 f:/quartus/nios2eds/bin/gnu/h-i686-mingw32/bin/../lib/gcc/nios2-elf/4.1.2/../../../../nios2-elf/lib\libc.a(lib_a-s_isinfd.o)
 .comment       0x00000000       0x27 f:/quartus/nios2eds/bin/gnu/h-i686-mingw32/bin/../lib/gcc/nios2-elf/4.1.2/../../../../nios2-elf/lib\libc.a(lib_a-s_isnand.o)
 .comment       0x00000000       0x27 f:/quartus/nios2eds/bin/gnu/h-i686-mingw32/bin/../lib/gcc/nios2-elf/4.1.2/../../../../nios2-elf/lib\libc.a(lib_a-sbrkr.o)
 .comment       0x00000000       0x27 f:/quartus/nios2eds/bin/gnu/h-i686-mingw32/bin/../lib/gcc/nios2-elf/4.1.2/../../../../nios2-elf/lib\libc.a(lib_a-stdio.o)
 .comment       0x00000000       0x27 f:/quartus/nios2eds/bin/gnu/h-i686-mingw32/bin/../lib/gcc/nios2-elf/4.1.2/../../../../nios2-elf/lib\libc.a(lib_a-strcmp.o)
 .comment       0x00000000       0x27 f:/quartus/nios2eds/bin/gnu/h-i686-mingw32/bin/../lib/gcc/nios2-elf/4.1.2/../../../../nios2-elf/lib\libc.a(lib_a-writer.o)
 .comment       0x00000000       0x27 f:/quartus/nios2eds/bin/gnu/h-i686-mingw32/bin/../lib/gcc/nios2-elf/4.1.2/../../../../nios2-elf/lib\libc.a(lib_a-callocr.o)
 .comment       0x00000000       0x27 f:/quartus/nios2eds/bin/gnu/h-i686-mingw32/bin/../lib/gcc/nios2-elf/4.1.2/../../../../nios2-elf/lib\libc.a(lib_a-closer.o)
 .comment       0x00000000       0x27 f:/quartus/nios2eds/bin/gnu/h-i686-mingw32/bin/../lib/gcc/nios2-elf/4.1.2/../../../../nios2-elf/lib\libc.a(lib_a-fclose.o)
 .comment       0x00000000       0x27 f:/quartus/nios2eds/bin/gnu/h-i686-mingw32/bin/../lib/gcc/nios2-elf/4.1.2/../../../../nios2-elf/lib\libc.a(lib_a-fstatr.o)
 .comment       0x00000000       0x27 f:/quartus/nios2eds/bin/gnu/h-i686-mingw32/bin/../lib/gcc/nios2-elf/4.1.2/../../../../nios2-elf/lib\libc.a(lib_a-int_errno.o)
 .comment       0x00000000       0x27 f:/quartus/nios2eds/bin/gnu/h-i686-mingw32/bin/../lib/gcc/nios2-elf/4.1.2/../../../../nios2-elf/lib\libc.a(lib_a-isattyr.o)
 .comment       0x00000000       0x27 f:/quartus/nios2eds/bin/gnu/h-i686-mingw32/bin/../lib/gcc/nios2-elf/4.1.2/../../../../nios2-elf/lib\libc.a(lib_a-lseekr.o)
 .comment       0x00000000       0x27 f:/quartus/nios2eds/bin/gnu/h-i686-mingw32/bin/../lib/gcc/nios2-elf/4.1.2/../../../../nios2-elf/lib\libc.a(lib_a-readr.o)
 .comment       0x00000000       0x27 f:/quartus/nios2eds/bin/gnu/h-i686-mingw32/bin/../lib/gcc/nios2-elf/4.1.2\libgcc.a(_udivdi3.o)
 .comment       0x00000000       0x27 f:/quartus/nios2eds/bin/gnu/h-i686-mingw32/bin/../lib/gcc/nios2-elf/4.1.2\libgcc.a(_umoddi3.o)
 .comment       0x00000000       0x27 f:/quartus/nios2eds/bin/gnu/h-i686-mingw32/bin/../lib/gcc/nios2-elf/4.1.2\libgcc.a(_addsub_df.o)
 .comment       0x00000000       0x27 f:/quartus/nios2eds/bin/gnu/h-i686-mingw32/bin/../lib/gcc/nios2-elf/4.1.2\libgcc.a(_mul_df.o)
 .comment       0x00000000       0x27 f:/quartus/nios2eds/bin/gnu/h-i686-mingw32/bin/../lib/gcc/nios2-elf/4.1.2\libgcc.a(_div_df.o)
 .comment       0x00000000       0x27 f:/quartus/nios2eds/bin/gnu/h-i686-mingw32/bin/../lib/gcc/nios2-elf/4.1.2\libgcc.a(_eq_df.o)
 .comment       0x00000000       0x27 f:/quartus/nios2eds/bin/gnu/h-i686-mingw32/bin/../lib/gcc/nios2-elf/4.1.2\libgcc.a(_ne_df.o)
 .comment       0x00000000       0x27 f:/quartus/nios2eds/bin/gnu/h-i686-mingw32/bin/../lib/gcc/nios2-elf/4.1.2\libgcc.a(_gt_df.o)
 .comment       0x00000000       0x27 f:/quartus/nios2eds/bin/gnu/h-i686-mingw32/bin/../lib/gcc/nios2-elf/4.1.2\libgcc.a(_ge_df.o)
 .comment       0x00000000       0x27 f:/quartus/nios2eds/bin/gnu/h-i686-mingw32/bin/../lib/gcc/nios2-elf/4.1.2\libgcc.a(_lt_df.o)
 .comment       0x00000000       0x27 f:/quartus/nios2eds/bin/gnu/h-i686-mingw32/bin/../lib/gcc/nios2-elf/4.1.2\libgcc.a(_si_to_df.o)
 .comment       0x00000000       0x27 f:/quartus/nios2eds/bin/gnu/h-i686-mingw32/bin/../lib/gcc/nios2-elf/4.1.2\libgcc.a(_df_to_si.o)
 .comment       0x00000000       0x27 f:/quartus/nios2eds/bin/gnu/h-i686-mingw32/bin/../lib/gcc/nios2-elf/4.1.2\libgcc.a(_thenan_df.o)
 .comment       0x00000000       0x27 f:/quartus/nios2eds/bin/gnu/h-i686-mingw32/bin/../lib/gcc/nios2-elf/4.1.2\libgcc.a(_usi_to_df.o)
 .comment       0x00000000       0x27 f:/quartus/nios2eds/bin/gnu/h-i686-mingw32/bin/../lib/gcc/nios2-elf/4.1.2\libgcc.a(lib2-divmod.o)
 .comment       0x00000000       0x27 f:/quartus/nios2eds/bin/gnu/h-i686-mingw32/bin/../lib/gcc/nios2-elf/4.1.2\libgcc.a(_muldi3.o)
 .comment       0x00000000       0x27 f:/quartus/nios2eds/bin/gnu/h-i686-mingw32/bin/../lib/gcc/nios2-elf/4.1.2\libgcc.a(_clz.o)
 .comment       0x00000000       0x27 f:/quartus/nios2eds/bin/gnu/h-i686-mingw32/bin/../lib/gcc/nios2-elf/4.1.2\libgcc.a(_clzsi2.o)
 .comment       0x00000000       0x27 f:/quartus/nios2eds/bin/gnu/h-i686-mingw32/bin/../lib/gcc/nios2-elf/4.1.2\libgcc.a(_pack_df.o)
 .comment       0x00000000       0x27 f:/quartus/nios2eds/bin/gnu/h-i686-mingw32/bin/../lib/gcc/nios2-elf/4.1.2\libgcc.a(_unpack_df.o)
 .comment       0x00000000       0x27 f:/quartus/nios2eds/bin/gnu/h-i686-mingw32/bin/../lib/gcc/nios2-elf/4.1.2\libgcc.a(_fpcmp_parts_df.o)
 .comment       0x00000000       0x27 ../classifierTest_bsp/\libhal_bsp.a(alt_close.o)
 .comment       0x00000000       0x27 ../classifierTest_bsp/\libhal_bsp.a(alt_dev.o)
 .comment       0x00000000       0x27 ../classifierTest_bsp/\libhal_bsp.a(alt_errno.o)
 .comment       0x00000000       0x27 ../classifierTest_bsp/\libhal_bsp.a(alt_fstat.o)
 .comment       0x00000000       0x27 ../classifierTest_bsp/\libhal_bsp.a(alt_isatty.o)
 .comment       0x00000000       0x27 ../classifierTest_bsp/\libhal_bsp.a(alt_load.o)
 .comment       0x00000000       0x27 ../classifierTest_bsp/\libhal_bsp.a(alt_lseek.o)
 .comment       0x00000000       0x27 ../classifierTest_bsp/\libhal_bsp.a(alt_main.o)
 .comment       0x00000000       0x27 ../classifierTest_bsp/\libhal_bsp.a(alt_malloc_lock.o)
 .comment       0x00000000       0x27 ../classifierTest_bsp/\libhal_bsp.a(alt_read.o)
 .comment       0x00000000       0x27 ../classifierTest_bsp/\libhal_bsp.a(alt_release_fd.o)
 .comment       0x00000000       0x27 ../classifierTest_bsp/\libhal_bsp.a(alt_sbrk.o)
 .comment       0x00000000       0x27 ../classifierTest_bsp/\libhal_bsp.a(alt_write.o)
 .comment       0x00000000       0x27 ../classifierTest_bsp/\libhal_bsp.a(alt_sys_init.o)
 .comment       0x00000000       0x27 ../classifierTest_bsp/\libhal_bsp.a(altera_avalon_jtag_uart_fd.o)
 .comment       0x00000000       0x27 ../classifierTest_bsp/\libhal_bsp.a(altera_avalon_jtag_uart_init.o)
 .comment       0x00000000       0x27 ../classifierTest_bsp/\libhal_bsp.a(altera_avalon_jtag_uart_ioctl.o)
 .comment       0x00000000       0x27 ../classifierTest_bsp/\libhal_bsp.a(altera_avalon_jtag_uart_read.o)
 .comment       0x00000000       0x27 ../classifierTest_bsp/\libhal_bsp.a(altera_avalon_jtag_uart_write.o)
 .comment       0x00000000       0x27 ../classifierTest_bsp/\libhal_bsp.a(altera_avalon_timer_sc.o)
 .comment       0x00000000       0x27 ../classifierTest_bsp/\libhal_bsp.a(altera_up_avalon_character_lcd.o)
 .comment       0x00000000       0x27 ../classifierTest_bsp/\libhal_bsp.a(alt_alarm_start.o)
 .comment       0x00000000       0x27 ../classifierTest_bsp/\libhal_bsp.a(alt_dcache_flush_all.o)
 .comment       0x00000000       0x27 ../classifierTest_bsp/\libhal_bsp.a(alt_dev_llist_insert.o)
 .comment       0x00000000       0x27 ../classifierTest_bsp/\libhal_bsp.a(alt_do_ctors.o)
 .comment       0x00000000       0x27 ../classifierTest_bsp/\libhal_bsp.a(alt_do_dtors.o)
 .comment       0x00000000       0x27 ../classifierTest_bsp/\libhal_bsp.a(alt_find_dev.o)
 .comment       0x00000000       0x27 ../classifierTest_bsp/\libhal_bsp.a(alt_icache_flush_all.o)
 .comment       0x00000000       0x27 ../classifierTest_bsp/\libhal_bsp.a(alt_io_redirect.o)
 .comment       0x00000000       0x27 ../classifierTest_bsp/\libhal_bsp.a(alt_irq_register.o)
 .comment       0x00000000       0x27 ../classifierTest_bsp/\libhal_bsp.a(alt_irq_vars.o)
 .comment       0x00000000       0x27 ../classifierTest_bsp/\libhal_bsp.a(alt_open.o)
 .comment       0x00000000       0x27 ../classifierTest_bsp/\libhal_bsp.a(alt_tick.o)
 .comment       0x00000000       0x27 ../classifierTest_bsp/\libhal_bsp.a(altera_nios2_qsys_irq.o)
 .comment       0x00000000       0x27 ../classifierTest_bsp/\libhal_bsp.a(alt_find_file.o)
 .comment       0x00000000       0x27 ../classifierTest_bsp/\libhal_bsp.a(alt_get_fd.o)
 .comment       0x00000000       0x27 ../classifierTest_bsp/\libhal_bsp.a(alt_icache_flush.o)
 .comment       0x00000000       0x27 ../classifierTest_bsp/\libhal_bsp.a(alt_irq_handler.o)
 .comment       0x00000000       0x27 f:/quartus/nios2eds/bin/gnu/h-i686-mingw32/bin/../lib/gcc/nios2-elf/4.1.2/../../../../nios2-elf/lib\libc.a(lib_a-atexit.o)
 .comment       0x00000000       0x27 f:/quartus/nios2eds/bin/gnu/h-i686-mingw32/bin/../lib/gcc/nios2-elf/4.1.2/../../../../nios2-elf/lib\libc.a(lib_a-exit.o)
 .comment       0x00000000       0x27 f:/quartus/nios2eds/bin/gnu/h-i686-mingw32/bin/../lib/gcc/nios2-elf/4.1.2/../../../../nios2-elf/lib\libc.a(lib_a-memcmp.o)
 .comment       0x00000000       0x27 f:/quartus/nios2eds/bin/gnu/h-i686-mingw32/bin/../lib/gcc/nios2-elf/4.1.2/../../../../nios2-elf/lib\libc.a(lib_a-__atexit.o)
 .comment       0x00000000       0x27 f:/quartus/nios2eds/bin/gnu/h-i686-mingw32/bin/../lib/gcc/nios2-elf/4.1.2/../../../../nios2-elf/lib\libc.a(lib_a-__call_atexit.o)
 .comment       0x00000000       0x27 ../classifierTest_bsp/\libhal_bsp.a(alt_exit.o)

.debug
 *(.debug)

.line
 *(.line)

.debug_srcinfo
 *(.debug_srcinfo)

.debug_sfnames
 *(.debug_sfnames)

.debug_aranges  0x00000000      0xc78
 *(.debug_aranges)
 .debug_aranges
                0x00000000       0x28 ../classifierTest_bsp//obj/HAL/src/crt0.o
 .debug_aranges
                0x00000028       0x20 obj/default/classifier_core.o
 .debug_aranges
                0x00000048       0x20 f:/quartus/nios2eds/bin/gnu/h-i686-mingw32/bin/../lib/gcc/nios2-elf/4.1.2/../../../../nios2-elf/lib\libc.a(lib_a-printf.o)
 .debug_aranges
                0x00000068       0x20 f:/quartus/nios2eds/bin/gnu/h-i686-mingw32/bin/../lib/gcc/nios2-elf/4.1.2/../../../../nios2-elf/lib\libc.a(lib_a-puts.o)
 .debug_aranges
                0x00000088       0x20 f:/quartus/nios2eds/bin/gnu/h-i686-mingw32/bin/../lib/gcc/nios2-elf/4.1.2/../../../../nios2-elf/lib\libc.a(lib_a-strlen.o)
 .debug_aranges
                0x000000a8       0x20 f:/quartus/nios2eds/bin/gnu/h-i686-mingw32/bin/../lib/gcc/nios2-elf/4.1.2/../../../../nios2-elf/lib\libc.a(lib_a-vfprintf.o)
 .debug_aranges
                0x000000c8       0x20 f:/quartus/nios2eds/bin/gnu/h-i686-mingw32/bin/../lib/gcc/nios2-elf/4.1.2/../../../../nios2-elf/lib\libc.a(lib_a-wsetup.o)
 .debug_aranges
                0x000000e8       0x20 f:/quartus/nios2eds/bin/gnu/h-i686-mingw32/bin/../lib/gcc/nios2-elf/4.1.2/../../../../nios2-elf/lib\libc.a(lib_a-dtoa.o)
 .debug_aranges
                0x00000108       0x20 f:/quartus/nios2eds/bin/gnu/h-i686-mingw32/bin/../lib/gcc/nios2-elf/4.1.2/../../../../nios2-elf/lib\libc.a(lib_a-fflush.o)
 .debug_aranges
                0x00000128       0x20 f:/quartus/nios2eds/bin/gnu/h-i686-mingw32/bin/../lib/gcc/nios2-elf/4.1.2/../../../../nios2-elf/lib\libc.a(lib_a-findfp.o)
 .debug_aranges
                0x00000148       0x20 f:/quartus/nios2eds/bin/gnu/h-i686-mingw32/bin/../lib/gcc/nios2-elf/4.1.2/../../../../nios2-elf/lib\libc.a(lib_a-freer.o)
 .debug_aranges
                0x00000168       0x20 f:/quartus/nios2eds/bin/gnu/h-i686-mingw32/bin/../lib/gcc/nios2-elf/4.1.2/../../../../nios2-elf/lib\libc.a(lib_a-fvwrite.o)
 .debug_aranges
                0x00000188       0x20 f:/quartus/nios2eds/bin/gnu/h-i686-mingw32/bin/../lib/gcc/nios2-elf/4.1.2/../../../../nios2-elf/lib\libc.a(lib_a-fwalk.o)
 .debug_aranges
                0x000001a8       0x20 f:/quartus/nios2eds/bin/gnu/h-i686-mingw32/bin/../lib/gcc/nios2-elf/4.1.2/../../../../nios2-elf/lib\libc.a(lib_a-locale.o)
 .debug_aranges
                0x000001c8       0x20 f:/quartus/nios2eds/bin/gnu/h-i686-mingw32/bin/../lib/gcc/nios2-elf/4.1.2/../../../../nios2-elf/lib\libc.a(lib_a-makebuf.o)
 .debug_aranges
                0x000001e8       0x20 f:/quartus/nios2eds/bin/gnu/h-i686-mingw32/bin/../lib/gcc/nios2-elf/4.1.2/../../../../nios2-elf/lib\libc.a(lib_a-mallocr.o)
 .debug_aranges
                0x00000208       0x20 f:/quartus/nios2eds/bin/gnu/h-i686-mingw32/bin/../lib/gcc/nios2-elf/4.1.2/../../../../nios2-elf/lib\libc.a(lib_a-memchr.o)
 .debug_aranges
                0x00000228       0x20 f:/quartus/nios2eds/bin/gnu/h-i686-mingw32/bin/../lib/gcc/nios2-elf/4.1.2/../../../../nios2-elf/lib\libc.a(lib_a-memcpy.o)
 .debug_aranges
                0x00000248       0x20 f:/quartus/nios2eds/bin/gnu/h-i686-mingw32/bin/../lib/gcc/nios2-elf/4.1.2/../../../../nios2-elf/lib\libc.a(lib_a-memmove.o)
 .debug_aranges
                0x00000268       0x20 f:/quartus/nios2eds/bin/gnu/h-i686-mingw32/bin/../lib/gcc/nios2-elf/4.1.2/../../../../nios2-elf/lib\libc.a(lib_a-memset.o)
 .debug_aranges
                0x00000288       0x20 f:/quartus/nios2eds/bin/gnu/h-i686-mingw32/bin/../lib/gcc/nios2-elf/4.1.2/../../../../nios2-elf/lib\libc.a(lib_a-mprec.o)
 .debug_aranges
                0x000002a8       0x20 f:/quartus/nios2eds/bin/gnu/h-i686-mingw32/bin/../lib/gcc/nios2-elf/4.1.2/../../../../nios2-elf/lib\libc.a(lib_a-reallocr.o)
 .debug_aranges
                0x000002c8       0x20 f:/quartus/nios2eds/bin/gnu/h-i686-mingw32/bin/../lib/gcc/nios2-elf/4.1.2/../../../../nios2-elf/lib\libc.a(lib_a-s_isinfd.o)
 .debug_aranges
                0x000002e8       0x20 f:/quartus/nios2eds/bin/gnu/h-i686-mingw32/bin/../lib/gcc/nios2-elf/4.1.2/../../../../nios2-elf/lib\libc.a(lib_a-s_isnand.o)
 .debug_aranges
                0x00000308       0x20 f:/quartus/nios2eds/bin/gnu/h-i686-mingw32/bin/../lib/gcc/nios2-elf/4.1.2/../../../../nios2-elf/lib\libc.a(lib_a-sbrkr.o)
 .debug_aranges
                0x00000328       0x20 f:/quartus/nios2eds/bin/gnu/h-i686-mingw32/bin/../lib/gcc/nios2-elf/4.1.2/../../../../nios2-elf/lib\libc.a(lib_a-stdio.o)
 .debug_aranges
                0x00000348       0x20 f:/quartus/nios2eds/bin/gnu/h-i686-mingw32/bin/../lib/gcc/nios2-elf/4.1.2/../../../../nios2-elf/lib\libc.a(lib_a-strcmp.o)
 .debug_aranges
                0x00000368       0x20 f:/quartus/nios2eds/bin/gnu/h-i686-mingw32/bin/../lib/gcc/nios2-elf/4.1.2/../../../../nios2-elf/lib\libc.a(lib_a-writer.o)
 .debug_aranges
                0x00000388       0x20 f:/quartus/nios2eds/bin/gnu/h-i686-mingw32/bin/../lib/gcc/nios2-elf/4.1.2/../../../../nios2-elf/lib\libc.a(lib_a-callocr.o)
 .debug_aranges
                0x000003a8       0x20 f:/quartus/nios2eds/bin/gnu/h-i686-mingw32/bin/../lib/gcc/nios2-elf/4.1.2/../../../../nios2-elf/lib\libc.a(lib_a-closer.o)
 .debug_aranges
                0x000003c8       0x20 f:/quartus/nios2eds/bin/gnu/h-i686-mingw32/bin/../lib/gcc/nios2-elf/4.1.2/../../../../nios2-elf/lib\libc.a(lib_a-fclose.o)
 .debug_aranges
                0x000003e8       0x20 f:/quartus/nios2eds/bin/gnu/h-i686-mingw32/bin/../lib/gcc/nios2-elf/4.1.2/../../../../nios2-elf/lib\libc.a(lib_a-fstatr.o)
 .debug_aranges
                0x00000408       0x20 f:/quartus/nios2eds/bin/gnu/h-i686-mingw32/bin/../lib/gcc/nios2-elf/4.1.2/../../../../nios2-elf/lib\libc.a(lib_a-isattyr.o)
 .debug_aranges
                0x00000428       0x20 f:/quartus/nios2eds/bin/gnu/h-i686-mingw32/bin/../lib/gcc/nios2-elf/4.1.2/../../../../nios2-elf/lib\libc.a(lib_a-lseekr.o)
 .debug_aranges
                0x00000448       0x20 f:/quartus/nios2eds/bin/gnu/h-i686-mingw32/bin/../lib/gcc/nios2-elf/4.1.2/../../../../nios2-elf/lib\libc.a(lib_a-readr.o)
 .debug_aranges
                0x00000468       0x20 f:/quartus/nios2eds/bin/gnu/h-i686-mingw32/bin/../lib/gcc/nios2-elf/4.1.2\libgcc.a(_udivdi3.o)
 .debug_aranges
                0x00000488       0x20 f:/quartus/nios2eds/bin/gnu/h-i686-mingw32/bin/../lib/gcc/nios2-elf/4.1.2\libgcc.a(_umoddi3.o)
 .debug_aranges
                0x000004a8       0x20 f:/quartus/nios2eds/bin/gnu/h-i686-mingw32/bin/../lib/gcc/nios2-elf/4.1.2\libgcc.a(_addsub_df.o)
 .debug_aranges
                0x000004c8       0x20 f:/quartus/nios2eds/bin/gnu/h-i686-mingw32/bin/../lib/gcc/nios2-elf/4.1.2\libgcc.a(_mul_df.o)
 .debug_aranges
                0x000004e8       0x20 f:/quartus/nios2eds/bin/gnu/h-i686-mingw32/bin/../lib/gcc/nios2-elf/4.1.2\libgcc.a(_div_df.o)
 .debug_aranges
                0x00000508       0x20 f:/quartus/nios2eds/bin/gnu/h-i686-mingw32/bin/../lib/gcc/nios2-elf/4.1.2\libgcc.a(_eq_df.o)
 .debug_aranges
                0x00000528       0x20 f:/quartus/nios2eds/bin/gnu/h-i686-mingw32/bin/../lib/gcc/nios2-elf/4.1.2\libgcc.a(_ne_df.o)
 .debug_aranges
                0x00000548       0x20 f:/quartus/nios2eds/bin/gnu/h-i686-mingw32/bin/../lib/gcc/nios2-elf/4.1.2\libgcc.a(_gt_df.o)
 .debug_aranges
                0x00000568       0x20 f:/quartus/nios2eds/bin/gnu/h-i686-mingw32/bin/../lib/gcc/nios2-elf/4.1.2\libgcc.a(_ge_df.o)
 .debug_aranges
                0x00000588       0x20 f:/quartus/nios2eds/bin/gnu/h-i686-mingw32/bin/../lib/gcc/nios2-elf/4.1.2\libgcc.a(_lt_df.o)
 .debug_aranges
                0x000005a8       0x20 f:/quartus/nios2eds/bin/gnu/h-i686-mingw32/bin/../lib/gcc/nios2-elf/4.1.2\libgcc.a(_si_to_df.o)
 .debug_aranges
                0x000005c8       0x20 f:/quartus/nios2eds/bin/gnu/h-i686-mingw32/bin/../lib/gcc/nios2-elf/4.1.2\libgcc.a(_df_to_si.o)
 .debug_aranges
                0x000005e8       0x20 f:/quartus/nios2eds/bin/gnu/h-i686-mingw32/bin/../lib/gcc/nios2-elf/4.1.2\libgcc.a(_usi_to_df.o)
 .debug_aranges
                0x00000608       0x20 f:/quartus/nios2eds/bin/gnu/h-i686-mingw32/bin/../lib/gcc/nios2-elf/4.1.2\libgcc.a(lib2-divmod.o)
 .debug_aranges
                0x00000628       0x20 f:/quartus/nios2eds/bin/gnu/h-i686-mingw32/bin/../lib/gcc/nios2-elf/4.1.2\libgcc.a(_muldi3.o)
 .debug_aranges
                0x00000648       0x20 f:/quartus/nios2eds/bin/gnu/h-i686-mingw32/bin/../lib/gcc/nios2-elf/4.1.2\libgcc.a(_clzsi2.o)
 .debug_aranges
                0x00000668       0x20 f:/quartus/nios2eds/bin/gnu/h-i686-mingw32/bin/../lib/gcc/nios2-elf/4.1.2\libgcc.a(_pack_df.o)
 .debug_aranges
                0x00000688       0x20 f:/quartus/nios2eds/bin/gnu/h-i686-mingw32/bin/../lib/gcc/nios2-elf/4.1.2\libgcc.a(_unpack_df.o)
 .debug_aranges
                0x000006a8       0x20 f:/quartus/nios2eds/bin/gnu/h-i686-mingw32/bin/../lib/gcc/nios2-elf/4.1.2\libgcc.a(_fpcmp_parts_df.o)
 .debug_aranges
                0x000006c8       0x20 ../classifierTest_bsp/\libhal_bsp.a(alt_close.o)
 .debug_aranges
                0x000006e8       0x20 ../classifierTest_bsp/\libhal_bsp.a(alt_dev.o)
 .debug_aranges
                0x00000708       0x20 ../classifierTest_bsp/\libhal_bsp.a(alt_fstat.o)
 .debug_aranges
                0x00000728       0x20 ../classifierTest_bsp/\libhal_bsp.a(alt_isatty.o)
 .debug_aranges
                0x00000748       0x20 ../classifierTest_bsp/\libhal_bsp.a(alt_load.o)
 .debug_aranges
                0x00000768       0x20 ../classifierTest_bsp/\libhal_bsp.a(alt_lseek.o)
 .debug_aranges
                0x00000788       0x20 ../classifierTest_bsp/\libhal_bsp.a(alt_main.o)
 .debug_aranges
                0x000007a8       0x20 ../classifierTest_bsp/\libhal_bsp.a(alt_malloc_lock.o)
 .debug_aranges
                0x000007c8       0x20 ../classifierTest_bsp/\libhal_bsp.a(alt_read.o)
 .debug_aranges
                0x000007e8       0x20 ../classifierTest_bsp/\libhal_bsp.a(alt_release_fd.o)
 .debug_aranges
                0x00000808       0x20 ../classifierTest_bsp/\libhal_bsp.a(alt_sbrk.o)
 .debug_aranges
                0x00000828       0x20 ../classifierTest_bsp/\libhal_bsp.a(alt_write.o)
 .debug_aranges
                0x00000848       0x20 ../classifierTest_bsp/\libhal_bsp.a(alt_sys_init.o)
 .debug_aranges
                0x00000868       0x20 ../classifierTest_bsp/\libhal_bsp.a(altera_avalon_jtag_uart_fd.o)
 .debug_aranges
                0x00000888       0x20 ../classifierTest_bsp/\libhal_bsp.a(altera_avalon_jtag_uart_init.o)
 .debug_aranges
                0x000008a8       0x20 ../classifierTest_bsp/\libhal_bsp.a(altera_avalon_jtag_uart_ioctl.o)
 .debug_aranges
                0x000008c8       0x20 ../classifierTest_bsp/\libhal_bsp.a(altera_avalon_jtag_uart_read.o)
 .debug_aranges
                0x000008e8       0x20 ../classifierTest_bsp/\libhal_bsp.a(altera_avalon_jtag_uart_write.o)
 .debug_aranges
                0x00000908       0x20 ../classifierTest_bsp/\libhal_bsp.a(altera_avalon_timer_sc.o)
 .debug_aranges
                0x00000928       0x20 ../classifierTest_bsp/\libhal_bsp.a(altera_up_avalon_character_lcd.o)
 .debug_aranges
                0x00000948       0x20 ../classifierTest_bsp/\libhal_bsp.a(alt_alarm_start.o)
 .debug_aranges
                0x00000968       0x20 ../classifierTest_bsp/\libhal_bsp.a(alt_dcache_flush_all.o)
 .debug_aranges
                0x00000988       0x20 ../classifierTest_bsp/\libhal_bsp.a(alt_dev_llist_insert.o)
 .debug_aranges
                0x000009a8       0x20 ../classifierTest_bsp/\libhal_bsp.a(alt_do_ctors.o)
 .debug_aranges
                0x000009c8       0x20 ../classifierTest_bsp/\libhal_bsp.a(alt_do_dtors.o)
 .debug_aranges
                0x000009e8       0x20 ../classifierTest_bsp/\libhal_bsp.a(alt_find_dev.o)
 .debug_aranges
                0x00000a08       0x20 ../classifierTest_bsp/\libhal_bsp.a(alt_icache_flush_all.o)
 .debug_aranges
                0x00000a28       0x20 ../classifierTest_bsp/\libhal_bsp.a(alt_io_redirect.o)
 .debug_aranges
                0x00000a48       0x20 ../classifierTest_bsp/\libhal_bsp.a(alt_irq_register.o)
 .debug_aranges
                0x00000a68       0x20 ../classifierTest_bsp/\libhal_bsp.a(alt_open.o)
 .debug_aranges
                0x00000a88       0x20 ../classifierTest_bsp/\libhal_bsp.a(alt_tick.o)
 .debug_aranges
                0x00000aa8       0x20 ../classifierTest_bsp/\libhal_bsp.a(altera_nios2_qsys_irq.o)
 .debug_aranges
                0x00000ac8       0x20 ../classifierTest_bsp/\libhal_bsp.a(alt_find_file.o)
 .debug_aranges
                0x00000ae8       0x20 ../classifierTest_bsp/\libhal_bsp.a(alt_get_fd.o)
 .debug_aranges
                0x00000b08       0x20 ../classifierTest_bsp/\libhal_bsp.a(alt_icache_flush.o)
 .debug_aranges
                0x00000b28       0x30 ../classifierTest_bsp/\libhal_bsp.a(alt_irq_entry.o)
 .debug_aranges
                0x00000b58       0x28 ../classifierTest_bsp/\libhal_bsp.a(alt_irq_handler.o)
 .debug_aranges
                0x00000b80       0x38 ../classifierTest_bsp/\libhal_bsp.a(alt_exception_entry.o)
 .debug_aranges
                0x00000bb8       0x20 f:/quartus/nios2eds/bin/gnu/h-i686-mingw32/bin/../lib/gcc/nios2-elf/4.1.2/../../../../nios2-elf/lib\libc.a(lib_a-atexit.o)
 .debug_aranges
                0x00000bd8       0x20 f:/quartus/nios2eds/bin/gnu/h-i686-mingw32/bin/../lib/gcc/nios2-elf/4.1.2/../../../../nios2-elf/lib\libc.a(lib_a-exit.o)
 .debug_aranges
                0x00000bf8       0x20 f:/quartus/nios2eds/bin/gnu/h-i686-mingw32/bin/../lib/gcc/nios2-elf/4.1.2/../../../../nios2-elf/lib\libc.a(lib_a-memcmp.o)
 .debug_aranges
                0x00000c18       0x20 f:/quartus/nios2eds/bin/gnu/h-i686-mingw32/bin/../lib/gcc/nios2-elf/4.1.2/../../../../nios2-elf/lib\libc.a(lib_a-__atexit.o)
 .debug_aranges
                0x00000c38       0x20 f:/quartus/nios2eds/bin/gnu/h-i686-mingw32/bin/../lib/gcc/nios2-elf/4.1.2/../../../../nios2-elf/lib\libc.a(lib_a-__call_atexit.o)
 .debug_aranges
                0x00000c58       0x20 ../classifierTest_bsp/\libhal_bsp.a(alt_exit.o)

.debug_pubnames
                0x00000000     0x1491
 *(.debug_pubnames)
 .debug_pubnames
                0x00000000       0x26 obj/default/classifier_core.o
 .debug_pubnames
                0x00000026       0x2b f:/quartus/nios2eds/bin/gnu/h-i686-mingw32/bin/../lib/gcc/nios2-elf/4.1.2/../../../../nios2-elf/lib\libc.a(lib_a-printf.o)
 .debug_pubnames
                0x00000051       0x27 f:/quartus/nios2eds/bin/gnu/h-i686-mingw32/bin/../lib/gcc/nios2-elf/4.1.2/../../../../nios2-elf/lib\libc.a(lib_a-puts.o)
 .debug_pubnames
                0x00000078       0x1d f:/quartus/nios2eds/bin/gnu/h-i686-mingw32/bin/../lib/gcc/nios2-elf/4.1.2/../../../../nios2-elf/lib\libc.a(lib_a-strlen.o)
 .debug_pubnames
                0x00000095       0x45 f:/quartus/nios2eds/bin/gnu/h-i686-mingw32/bin/../lib/gcc/nios2-elf/4.1.2/../../../../nios2-elf/lib\libc.a(lib_a-vfprintf.o)
 .debug_pubnames
                0x000000da       0x22 f:/quartus/nios2eds/bin/gnu/h-i686-mingw32/bin/../lib/gcc/nios2-elf/4.1.2/../../../../nios2-elf/lib\libc.a(lib_a-wsetup.o)
 .debug_pubnames
                0x000000fc       0x1e f:/quartus/nios2eds/bin/gnu/h-i686-mingw32/bin/../lib/gcc/nios2-elf/4.1.2/../../../../nios2-elf/lib\libc.a(lib_a-dtoa.o)
 .debug_pubnames
                0x0000011a       0x2b f:/quartus/nios2eds/bin/gnu/h-i686-mingw32/bin/../lib/gcc/nios2-elf/4.1.2/../../../../nios2-elf/lib\libc.a(lib_a-fflush.o)
 .debug_pubnames
                0x00000145       0xdb f:/quartus/nios2eds/bin/gnu/h-i686-mingw32/bin/../lib/gcc/nios2-elf/4.1.2/../../../../nios2-elf/lib\libc.a(lib_a-findfp.o)
 .debug_pubnames
                0x00000220       0x31 f:/quartus/nios2eds/bin/gnu/h-i686-mingw32/bin/../lib/gcc/nios2-elf/4.1.2/../../../../nios2-elf/lib\libc.a(lib_a-freer.o)
 .debug_pubnames
                0x00000251       0x23 f:/quartus/nios2eds/bin/gnu/h-i686-mingw32/bin/../lib/gcc/nios2-elf/4.1.2/../../../../nios2-elf/lib\libc.a(lib_a-fvwrite.o)
 .debug_pubnames
                0x00000274       0x2e f:/quartus/nios2eds/bin/gnu/h-i686-mingw32/bin/../lib/gcc/nios2-elf/4.1.2/../../../../nios2-elf/lib\libc.a(lib_a-fwalk.o)
 .debug_pubnames
                0x000002a2       0x39 f:/quartus/nios2eds/bin/gnu/h-i686-mingw32/bin/../lib/gcc/nios2-elf/4.1.2/../../../../nios2-elf/lib\libc.a(lib_a-impure.o)
 .debug_pubnames
                0x000002db       0xc3 f:/quartus/nios2eds/bin/gnu/h-i686-mingw32/bin/../lib/gcc/nios2-elf/4.1.2/../../../../nios2-elf/lib\libc.a(lib_a-locale.o)
 .debug_pubnames
                0x0000039e       0x23 f:/quartus/nios2eds/bin/gnu/h-i686-mingw32/bin/../lib/gcc/nios2-elf/4.1.2/../../../../nios2-elf/lib\libc.a(lib_a-makebuf.o)